14:09:24 **** Build of project standalone_bsp_0 ****
make -k all 
"Running Make include in microblaze_0/libsrc/bram_v4_2/src"
C:/Xilinx/SDK/2017.3/gnuwin/bin/make -C microblaze_0/libsrc/bram_v4_2/src -s include  "SHELL=CMD" "COMPILER=mb-gcc" "ARCHIVER=mb-ar" "COMPILER_FLAGS= -O2 -c -mcpu=v10.0 -mlittle-endian -mxl-soft-mul" "EXTRA_COMPILER_FLAGS=-ffunction-sections -fdata-sections -Wall -Wextra"
"Running Make include in microblaze_0/libsrc/cpu_v2_6/src"
C:/Xilinx/SDK/2017.3/gnuwin/bin/make -C microblaze_0/libsrc/cpu_v2_6/src -s include  "SHELL=CMD" "COMPILER=mb-gcc" "ARCHIVER=mb-ar" "COMPILER_FLAGS= -O2 -c -mcpu=v10.0 -mlittle-endian -mxl-soft-mul" "EXTRA_COMPILER_FLAGS=-ffunction-sections -fdata-sections -Wall -Wextra"
"Running Make include in microblaze_0/libsrc/gpio_v4_3/src"
C:/Xilinx/SDK/2017.3/gnuwin/bin/make -C microblaze_0/libsrc/gpio_v4_3/src -s include  "SHELL=CMD" "COMPILER=mb-gcc" "ARCHIVER=mb-ar" "COMPILER_FLAGS= -O2 -c -mcpu=v10.0 -mlittle-endian -mxl-soft-mul" "EXTRA_COMPILER_FLAGS=-ffunction-sections -fdata-sections -Wall -Wextra"
"Running Make include in microblaze_0/libsrc/intc_v3_7/src"
C:/Xilinx/SDK/2017.3/gnuwin/bin/make -C microblaze_0/libsrc/intc_v3_7/src -s include  "SHELL=CMD" "COMPILER=mb-gcc" "ARCHIVER=mb-ar" "COMPILER_FLAGS= -O2 -c -mcpu=v10.0 -mlittle-endian -mxl-soft-mul" "EXTRA_COMPILER_FLAGS=-ffunction-sections -fdata-sections -Wall -Wextra"
"Running Make include in microblaze_0/libsrc/nexys4IO_v1_0/src"
C:/Xilinx/SDK/2017.3/gnuwin/bin/make -C microblaze_0/libsrc/nexys4IO_v1_0/src -s include  "SHELL=CMD" "COMPILER=mb-gcc" "ARCHIVER=mb-ar" "COMPILER_FLAGS= -O2 -c -mcpu=v10.0 -mlittle-endian -mxl-soft-mul" "EXTRA_COMPILER_FLAGS=-ffunction-sections -fdata-sections -Wall -Wextra"
"Running Make include in microblaze_0/libsrc/PmodENC_v1_0/src"
C:/Xilinx/SDK/2017.3/gnuwin/bin/make -C microblaze_0/libsrc/PmodENC_v1_0/src -s include  "SHELL=CMD" "COMPILER=mb-gcc" "ARCHIVER=mb-ar" "COMPILER_FLAGS= -O2 -c -mcpu=v10.0 -mlittle-endian -mxl-soft-mul" "EXTRA_COMPILER_FLAGS=-ffunction-sections -fdata-sections -Wall -Wextra"
"Running Make include in microblaze_0/libsrc/PmodOLEDrgb_v1_0/src"
C:/Xilinx/SDK/2017.3/gnuwin/bin/make -C microblaze_0/libsrc/PmodOLEDrgb_v1_0/src -s include  "SHELL=CMD" "COMPILER=mb-gcc" "ARCHIVER=mb-ar" "COMPILER_FLAGS= -O2 -c -mcpu=v10.0 -mlittle-endian -mxl-soft-mul" "EXTRA_COMPILER_FLAGS=-ffunction-sections -fdata-sections -Wall -Wextra"
"Running Make include in microblaze_0/libsrc/standalone_v6_4/src"
C:/Xilinx/SDK/2017.3/gnuwin/bin/make -C microblaze_0/libsrc/standalone_v6_4/src -s include  "SHELL=CMD" "COMPILER=mb-gcc" "ARCHIVER=mb-ar" "COMPILER_FLAGS= -O2 -c -mcpu=v10.0 -mlittle-endian -mxl-soft-mul" "EXTRA_COMPILER_FLAGS=-ffunction-sections -fdata-sections -Wall -Wextra"
"Running Make include in microblaze_0/libsrc/tmrctr_v4_4/src"
C:/Xilinx/SDK/2017.3/gnuwin/bin/make -C microblaze_0/libsrc/tmrctr_v4_4/src -s include  "SHELL=CMD" "COMPILER=mb-gcc" "ARCHIVER=mb-ar" "COMPILER_FLAGS= -O2 -c -mcpu=v10.0 -mlittle-endian -mxl-soft-mul" "EXTRA_COMPILER_FLAGS=-ffunction-sections -fdata-sections -Wall -Wextra"
"Running Make include in microblaze_0/libsrc/uartlite_v3_2/src"
C:/Xilinx/SDK/2017.3/gnuwin/bin/make -C microblaze_0/libsrc/uartlite_v3_2/src -s include  "SHELL=CMD" "COMPILER=mb-gcc" "ARCHIVER=mb-ar" "COMPILER_FLAGS= -O2 -c -mcpu=v10.0 -mlittle-endian -mxl-soft-mul" "EXTRA_COMPILER_FLAGS=-ffunction-sections -fdata-sections -Wall -Wextra"
"Running Make libs in microblaze_0/libsrc/bram_v4_2/src"
C:/Xilinx/SDK/2017.3/gnuwin/bin/make -C microblaze_0/libsrc/bram_v4_2/src -s libs  "SHELL=CMD" "COMPILER=mb-gcc" "ARCHIVER=mb-ar" "COMPILER_FLAGS= -O2 -c -mcpu=v10.0 -mlittle-endian -mxl-soft-mul" "EXTRA_COMPILER_FLAGS=-ffunction-sections -fdata-sections -Wall -Wextra"
"Compiling bram"
mb-ar: creating ../../../lib/libxil.a
"Running Make libs in microblaze_0/libsrc/cpu_v2_6/src"
C:/Xilinx/SDK/2017.3/gnuwin/bin/make -C microblaze_0/libsrc/cpu_v2_6/src -s libs  "SHELL=CMD" "COMPILER=mb-gcc" "ARCHIVER=mb-ar" "COMPILER_FLAGS= -O2 -c -mcpu=v10.0 -mlittle-endian -mxl-soft-mul" "EXTRA_COMPILER_FLAGS=-ffunction-sections -fdata-sections -Wall -Wextra"
"Compiling cpu"
"Running Make libs in microblaze_0/libsrc/gpio_v4_3/src"
C:/Xilinx/SDK/2017.3/gnuwin/bin/make -C microblaze_0/libsrc/gpio_v4_3/src -s libs  "SHELL=CMD" "COMPILER=mb-gcc" "ARCHIVER=mb-ar" "COMPILER_FLAGS= -O2 -c -mcpu=v10.0 -mlittle-endian -mxl-soft-mul" "EXTRA_COMPILER_FLAGS=-ffunction-sections -fdata-sections -Wall -Wextra"
"Compiling gpio"
"Running Make libs in microblaze_0/libsrc/intc_v3_7/src"
C:/Xilinx/SDK/2017.3/gnuwin/bin/make -C microblaze_0/libsrc/intc_v3_7/src -s libs  "SHELL=CMD" "COMPILER=mb-gcc" "ARCHIVER=mb-ar" "COMPILER_FLAGS= -O2 -c -mcpu=v10.0 -mlittle-endian -mxl-soft-mul" "EXTRA_COMPILER_FLAGS=-ffunction-sections -fdata-sections -Wall -Wextra"
"Compiling intc"
"Running Make libs in microblaze_0/libsrc/nexys4IO_v1_0/src"
C:/Xilinx/SDK/2017.3/gnuwin/bin/make -C microblaze_0/libsrc/nexys4IO_v1_0/src -s libs  "SHELL=CMD" "COMPILER=mb-gcc" "ARCHIVER=mb-ar" "COMPILER_FLAGS= -O2 -c -mcpu=v10.0 -mlittle-endian -mxl-soft-mul" "EXTRA_COMPILER_FLAGS=-ffunction-sections -fdata-sections -Wall -Wextra"
"Compiling nexys4IO..."
"Running Make libs in microblaze_0/libsrc/PmodENC_v1_0/src"
C:/Xilinx/SDK/2017.3/gnuwin/bin/make -C microblaze_0/libsrc/PmodENC_v1_0/src -s libs  "SHELL=CMD" "COMPILER=mb-gcc" "ARCHIVER=mb-ar" "COMPILER_FLAGS= -O2 -c -mcpu=v10.0 -mlittle-endian -mxl-soft-mul" "EXTRA_COMPILER_FLAGS=-ffunction-sections -fdata-sections -Wall -Wextra"
"Compiling PmodENC..."
"Running Make libs in microblaze_0/libsrc/PmodOLEDrgb_v1_0/src"
C:/Xilinx/SDK/2017.3/gnuwin/bin/make -C microblaze_0/libsrc/PmodOLEDrgb_v1_0/src -s libs  "SHELL=CMD" "COMPILER=mb-gcc" "ARCHIVER=mb-ar" "COMPILER_FLAGS= -O2 -c -mcpu=v10.0 -mlittle-endian -mxl-soft-mul" "EXTRA_COMPILER_FLAGS=-ffunction-sections -fdata-sections -Wall -Wextra"
"Compiling PmodOLEDrgb..."
"Running Make libs in microblaze_0/libsrc/standalone_v6_4/src"
C:/Xilinx/SDK/2017.3/gnuwin/bin/make -C microblaze_0/libsrc/standalone_v6_4/src -s libs  "SHELL=CMD" "COMPILER=mb-gcc" "ARCHIVER=mb-ar" "COMPILER_FLAGS= -O2 -c -mcpu=v10.0 -mlittle-endian -mxl-soft-mul" "EXTRA_COMPILER_FLAGS=-ffunction-sections -fdata-sections -Wall -Wextra"
"Compiling standalone";
"Running Make libs in microblaze_0/libsrc/tmrctr_v4_4/src"
C:/Xilinx/SDK/2017.3/gnuwin/bin/make -C microblaze_0/libsrc/tmrctr_v4_4/src -s libs  "SHELL=CMD" "COMPILER=mb-gcc" "ARCHIVER=mb-ar" "COMPILER_FLAGS= -O2 -c -mcpu=v10.0 -mlittle-endian -mxl-soft-mul" "EXTRA_COMPILER_FLAGS=-ffunction-sections -fdata-sections -Wall -Wextra"
"Compiling tmrctr"
"Running Make libs in microblaze_0/libsrc/uartlite_v3_2/src"
C:/Xilinx/SDK/2017.3/gnuwin/bin/make -C microblaze_0/libsrc/uartlite_v3_2/src -s libs  "SHELL=CMD" "COMPILER=mb-gcc" "ARCHIVER=mb-ar" "COMPILER_FLAGS= -O2 -c -mcpu=v10.0 -mlittle-endian -mxl-soft-mul" "EXTRA_COMPILER_FLAGS=-ffunction-sections -fdata-sections -Wall -Wextra"
"Compiling uartlite"
'Finished building libraries'

**** Build of configuration Debug for project n4fpga_sw_platform_0 ****

Nothing to build for project n4fpga_sw_platform_0
14:15:16 **** Auto Build of configuration Debug for project n4fpga_sw_platform_0 ****
make all 
Building file: ../ece544_IP_Test.c
Invoking: MicroBlaze gcc compiler
mb-gcc -Wall -O0 -g3 -c -fmessage-length=0 -MT"ece544_IP_Test.o" -I../../standalone_bsp_0/microblaze_0/include -mlittle-endian -mcpu=v10.0 -mxl-soft-mul -Wl,--no-relax -ffunction-sections -fdata-sections -MMD -MP -MF"ece544_IP_Test.d" -MT"ece544_IP_Test.o" -o "ece544_IP_Test.o" "../ece544_IP_Test.c"
In file included from ../ece544_IP_Test.c:53:0:
../../standalone_bsp_0/microblaze_0/include/pmodOLEDrgb.h:57:0: warning: "bool" redefined
 #define bool u8
 
In file included from ../../standalone_bsp_0/microblaze_0/include/nexys4IO.h:29:0,
                 from ../ece544_IP_Test.c:52:
c:\xilinx\sdk\2017.3\gnu\microblaze\nt\lib\gcc\microblaze-xilinx-elf\6.2.0\include\stdbool.h:33:0: note: this is the location of the previous definition
 #define bool _Bool
 
Finished building: ../ece544_IP_Test.c
 
Building file: ../platform.c
Invoking: MicroBlaze gcc compiler
mb-gcc -Wall -O0 -g3 -c -fmessage-length=0 -MT"platform.o" -I../../standalone_bsp_0/microblaze_0/include -mlittle-endian -mcpu=v10.0 -mxl-soft-mul -Wl,--no-relax -ffunction-sections -fdata-sections -MMD -MP -MF"platform.d" -MT"platform.o" -o "platform.o" "../platform.c"
Finished building: ../platform.c
 
Building target: n4fpga_sw_platform_0.elf
Invoking: MicroBlaze gcc linker
mb-gcc -Wl,-T -Wl,../src/lscript.ld -L../../standalone_bsp_0/microblaze_0/lib -mlittle-endian -mcpu=v10.0 -mxl-soft-mul -Wl,--no-relax -Wl,--gc-sections -o "n4fpga_sw_platform_0.elf"  ./ece544_IP_Test.o ./platform.o   -Wl,--start-group,-lxil,-lgcc,-lc,--end-group
Finished building target: n4fpga_sw_platform_0.elf
 
Invoking: MicroBlaze Print Size
mb-size n4fpga_sw_platform_0.elf  |tee "n4fpga_sw_platform_0.elf.size"
   text	   data	    bss	    dec	    hex	filename
  28084	    384	   3732	  32200	   7dc8	n4fpga_sw_platform_0.elf
Finished building: n4fpga_sw_platform_0.elf.size
 
14:17:12 **** Incremental Build of configuration Debug for project n4fpga_sw_platform_0 ****
make all 
make: Nothing to be done for `all'.
14:17:41 **** Incremental Build of configuration Debug for project n4fpga_sw_platform_0 ****
make all 
make: Nothing to be done for `all'.
14:18:03 **** Incremental Build of configuration Debug for project n4fpga_sw_platform_0 ****
make all 
make: Nothing to be done for `all'.
14:18:37 **** Incremental Build of configuration Debug for project n4fpga_sw_platform_0 ****
make all 
make: Nothing to be done for `all'.
14:19:00 **** Incremental Build of configuration Debug for project n4fpga_sw_platform_0 ****
make all 
make: Nothing to be done for `all'.
14:19:39 **** Incremental Build of configuration Debug for project n4fpga_sw_platform_0 ****
make all 
make: Nothing to be done for `all'.
14:20:07 **** Incremental Build of configuration Debug for project n4fpga_sw_platform_0 ****
make all 
make: Nothing to be done for `all'.
14:20:51 **** Incremental Build of configuration Debug for project n4fpga_sw_platform_0 ****
make all 
make: Nothing to be done for `all'.
14:21:34 **** Incremental Build of configuration Debug for project n4fpga_sw_platform_0 ****
make all 
make: Nothing to be done for `all'.
14:22:32 **** Incremental Build of configuration Debug for project n4fpga_sw_platform_0 ****
make all 
make: Nothing to be done for `all'.
14:23:22 **** Incremental Build of configuration Debug for project n4fpga_sw_platform_0 ****
make all 
make: Nothing to be done for `all'.
14:24:15 **** Incremental Build of configuration Debug for project n4fpga_sw_platform_0 ****
make all 
make: Nothing to be done for `all'.
14:24:37 **** Incremental Build of configuration Debug for project n4fpga_sw_platform_0 ****
make all 
make: Nothing to be done for `all'.
14:25:58 **** Incremental Build of configuration Debug for project n4fpga_sw_platform_0 ****
make all 
make: Nothing to be done for `all'.
14:29:38 **** Auto Build of configuration Debug for project n4fpga_sw_platform_0 ****
make all 
Building file: ../ece544_IP_Test.c
Invoking: MicroBlaze gcc compiler
mb-gcc -Wall -O0 -g3 -c -fmessage-length=0 -MT"ece544_IP_Test.o" -I../../standalone_bsp_0/microblaze_0/include -mlittle-endian -mcpu=v10.0 -mxl-soft-mul -Wl,--no-relax -ffunction-sections -fdata-sections -MMD -MP -MF"ece544_IP_Test.d" -MT"ece544_IP_Test.o" -o "ece544_IP_Test.o" "../ece544_IP_Test.c"
In file included from ../ece544_IP_Test.c:53:0:
../../standalone_bsp_0/microblaze_0/include/pmodOLEDrgb.h:57:0: warning: "bool" redefined
 #define bool u8
 
In file included from ../../standalone_bsp_0/microblaze_0/include/nexys4IO.h:29:0,
                 from ../ece544_IP_Test.c:52:
c:\xilinx\sdk\2017.3\gnu\microblaze\nt\lib\gcc\microblaze-xilinx-elf\6.2.0\include\stdbool.h:33:0: note: this is the location of the previous definition
 #define bool _Bool
 
../ece544_IP_Test.c: In function 'RunTest4':
../ece544_IP_Test.c:384:11: warning: unused variable 'sw' [-Wunused-variable]
  uint16_t sw;
           ^~
Finished building: ../ece544_IP_Test.c
 
Building target: n4fpga_sw_platform_0.elf
Invoking: MicroBlaze gcc linker
mb-gcc -Wl,-T -Wl,../src/lscript.ld -L../../standalone_bsp_0/microblaze_0/lib -mlittle-endian -mcpu=v10.0 -mxl-soft-mul -Wl,--no-relax -Wl,--gc-sections -o "n4fpga_sw_platform_0.elf"  ./ece544_IP_Test.o ./platform.o   -Wl,--start-group,-lxil,-lgcc,-lc,--end-group
Finished building target: n4fpga_sw_platform_0.elf
 
Invoking: MicroBlaze Print Size
mb-size n4fpga_sw_platform_0.elf  |tee "n4fpga_sw_platform_0.elf.size"
   text	   data	    bss	    dec	    hex	filename
  39520	    384	   3728	  43632	   aa70	n4fpga_sw_platform_0.elf
Finished building: n4fpga_sw_platform_0.elf.size
 
14:31:44 **** Incremental Build of configuration Debug for project n4fpga_sw_platform_0 ****
make all 
make: Nothing to be done for `all'.
14:32:51 **** Incremental Build of configuration Debug for project n4fpga_sw_platform_0 ****
make all 
make: Nothing to be done for `all'.
14:33:57 **** Incremental Build of configuration Debug for project n4fpga_sw_platform_0 ****
make all 
make: Nothing to be done for `all'.
14:34:49 **** Incremental Build of configuration Debug for project n4fpga_sw_platform_0 ****
make all 
make: Nothing to be done for `all'.
14:37:05 **** Incremental Build of configuration Debug for project n4fpga_sw_platform_0 ****
make all 
make: Nothing to be done for `all'.
14:38:47 **** Incremental Build of configuration Debug for project n4fpga_sw_platform_0 ****
make all 
make: Nothing to be done for `all'.
14:39:51 **** Incremental Build of configuration Debug for project n4fpga_sw_platform_0 ****
make all 
make: Nothing to be done for `all'.
14:40:40 **** Incremental Build of configuration Debug for project n4fpga_sw_platform_0 ****
make all 
make: Nothing to be done for `all'.
14:41:00 **** Incremental Build of configuration Debug for project n4fpga_sw_platform_0 ****
make all 
make: Nothing to be done for `all'.
14:45:21 **** Auto Build of project standalone_bsp_0 ****
make -k all 
"Running Make include in microblaze_0/libsrc/bram_v4_2/src"
C:/Xilinx/SDK/2017.3/gnuwin/bin/make -C microblaze_0/libsrc/bram_v4_2/src -s include  "SHELL=CMD" "COMPILER=mb-gcc" "ARCHIVER=mb-ar" "COMPILER_FLAGS= -O2 -c -mcpu=v10.0 -mlittle-endian -mxl-soft-mul" "EXTRA_COMPILER_FLAGS=-ffunction-sections -fdata-sections -Wall -Wextra"
"Running Make include in microblaze_0/libsrc/cpu_v2_6/src"
C:/Xilinx/SDK/2017.3/gnuwin/bin/make -C microblaze_0/libsrc/cpu_v2_6/src -s include  "SHELL=CMD" "COMPILER=mb-gcc" "ARCHIVER=mb-ar" "COMPILER_FLAGS= -O2 -c -mcpu=v10.0 -mlittle-endian -mxl-soft-mul" "EXTRA_COMPILER_FLAGS=-ffunction-sections -fdata-sections -Wall -Wextra"
"Running Make include in microblaze_0/libsrc/gpio_v4_3/src"
C:/Xilinx/SDK/2017.3/gnuwin/bin/make -C microblaze_0/libsrc/gpio_v4_3/src -s include  "SHELL=CMD" "COMPILER=mb-gcc" "ARCHIVER=mb-ar" "COMPILER_FLAGS= -O2 -c -mcpu=v10.0 -mlittle-endian -mxl-soft-mul" "EXTRA_COMPILER_FLAGS=-ffunction-sections -fdata-sections -Wall -Wextra"
"Running Make include in microblaze_0/libsrc/intc_v3_7/src"
C:/Xilinx/SDK/2017.3/gnuwin/bin/make -C microblaze_0/libsrc/intc_v3_7/src -s include  "SHELL=CMD" "COMPILER=mb-gcc" "ARCHIVER=mb-ar" "COMPILER_FLAGS= -O2 -c -mcpu=v10.0 -mlittle-endian -mxl-soft-mul" "EXTRA_COMPILER_FLAGS=-ffunction-sections -fdata-sections -Wall -Wextra"
"Running Make include in microblaze_0/libsrc/nexys4IO_v1_0/src"
C:/Xilinx/SDK/2017.3/gnuwin/bin/make -C microblaze_0/libsrc/nexys4IO_v1_0/src -s include  "SHELL=CMD" "COMPILER=mb-gcc" "ARCHIVER=mb-ar" "COMPILER_FLAGS= -O2 -c -mcpu=v10.0 -mlittle-endian -mxl-soft-mul" "EXTRA_COMPILER_FLAGS=-ffunction-sections -fdata-sections -Wall -Wextra"
"Running Make include in microblaze_0/libsrc/PmodENC_v1_0/src"
C:/Xilinx/SDK/2017.3/gnuwin/bin/make -C microblaze_0/libsrc/PmodENC_v1_0/src -s include  "SHELL=CMD" "COMPILER=mb-gcc" "ARCHIVER=mb-ar" "COMPILER_FLAGS= -O2 -c -mcpu=v10.0 -mlittle-endian -mxl-soft-mul" "EXTRA_COMPILER_FLAGS=-ffunction-sections -fdata-sections -Wall -Wextra"
"Running Make include in microblaze_0/libsrc/PmodOLEDrgb_v1_0/src"
C:/Xilinx/SDK/2017.3/gnuwin/bin/make -C microblaze_0/libsrc/PmodOLEDrgb_v1_0/src -s include  "SHELL=CMD" "COMPILER=mb-gcc" "ARCHIVER=mb-ar" "COMPILER_FLAGS= -O2 -c -mcpu=v10.0 -mlittle-endian -mxl-soft-mul" "EXTRA_COMPILER_FLAGS=-ffunction-sections -fdata-sections -Wall -Wextra"
"Running Make include in microblaze_0/libsrc/standalone_v6_4/src"
C:/Xilinx/SDK/2017.3/gnuwin/bin/make -C microblaze_0/libsrc/standalone_v6_4/src -s include  "SHELL=CMD" "COMPILER=mb-gcc" "ARCHIVER=mb-ar" "COMPILER_FLAGS= -O2 -c -mcpu=v10.0 -mlittle-endian -mxl-soft-mul" "EXTRA_COMPILER_FLAGS=-ffunction-sections -fdata-sections -Wall -Wextra"
"Running Make include in microblaze_0/libsrc/tmrctr_v4_4/src"
C:/Xilinx/SDK/2017.3/gnuwin/bin/make -C microblaze_0/libsrc/tmrctr_v4_4/src -s include  "SHELL=CMD" "COMPILER=mb-gcc" "ARCHIVER=mb-ar" "COMPILER_FLAGS= -O2 -c -mcpu=v10.0 -mlittle-endian -mxl-soft-mul" "EXTRA_COMPILER_FLAGS=-ffunction-sections -fdata-sections -Wall -Wextra"
"Running Make include in microblaze_0/libsrc/uartlite_v3_2/src"
C:/Xilinx/SDK/2017.3/gnuwin/bin/make -C microblaze_0/libsrc/uartlite_v3_2/src -s include  "SHELL=CMD" "COMPILER=mb-gcc" "ARCHIVER=mb-ar" "COMPILER_FLAGS= -O2 -c -mcpu=v10.0 -mlittle-endian -mxl-soft-mul" "EXTRA_COMPILER_FLAGS=-ffunction-sections -fdata-sections -Wall -Wextra"
"Running Make libs in microblaze_0/libsrc/bram_v4_2/src"
C:/Xilinx/SDK/2017.3/gnuwin/bin/make -C microblaze_0/libsrc/bram_v4_2/src -s libs  "SHELL=CMD" "COMPILER=mb-gcc" "ARCHIVER=mb-ar" "COMPILER_FLAGS= -O2 -c -mcpu=v10.0 -mlittle-endian -mxl-soft-mul" "EXTRA_COMPILER_FLAGS=-ffunction-sections -fdata-sections -Wall -Wextra"
"Compiling bram"
"Running Make libs in microblaze_0/libsrc/cpu_v2_6/src"
C:/Xilinx/SDK/2017.3/gnuwin/bin/make -C microblaze_0/libsrc/cpu_v2_6/src -s libs  "SHELL=CMD" "COMPILER=mb-gcc" "ARCHIVER=mb-ar" "COMPILER_FLAGS= -O2 -c -mcpu=v10.0 -mlittle-endian -mxl-soft-mul" "EXTRA_COMPILER_FLAGS=-ffunction-sections -fdata-sections -Wall -Wextra"
"Compiling cpu"
"Running Make libs in microblaze_0/libsrc/gpio_v4_3/src"
C:/Xilinx/SDK/2017.3/gnuwin/bin/make -C microblaze_0/libsrc/gpio_v4_3/src -s libs  "SHELL=CMD" "COMPILER=mb-gcc" "ARCHIVER=mb-ar" "COMPILER_FLAGS= -O2 -c -mcpu=v10.0 -mlittle-endian -mxl-soft-mul" "EXTRA_COMPILER_FLAGS=-ffunction-sections -fdata-sections -Wall -Wextra"
"Compiling gpio"
"Running Make libs in microblaze_0/libsrc/intc_v3_7/src"
C:/Xilinx/SDK/2017.3/gnuwin/bin/make -C microblaze_0/libsrc/intc_v3_7/src -s libs  "SHELL=CMD" "COMPILER=mb-gcc" "ARCHIVER=mb-ar" "COMPILER_FLAGS= -O2 -c -mcpu=v10.0 -mlittle-endian -mxl-soft-mul" "EXTRA_COMPILER_FLAGS=-ffunction-sections -fdata-sections -Wall -Wextra"
"Compiling intc"
"Running Make libs in microblaze_0/libsrc/nexys4IO_v1_0/src"
C:/Xilinx/SDK/2017.3/gnuwin/bin/make -C microblaze_0/libsrc/nexys4IO_v1_0/src -s libs  "SHELL=CMD" "COMPILER=mb-gcc" "ARCHIVER=mb-ar" "COMPILER_FLAGS= -O2 -c -mcpu=v10.0 -mlittle-endian -mxl-soft-mul" "EXTRA_COMPILER_FLAGS=-ffunction-sections -fdata-sections -Wall -Wextra"
"Compiling nexys4IO..."
"Running Make libs in microblaze_0/libsrc/PmodENC_v1_0/src"
C:/Xilinx/SDK/2017.3/gnuwin/bin/make -C microblaze_0/libsrc/PmodENC_v1_0/src -s libs  "SHELL=CMD" "COMPILER=mb-gcc" "ARCHIVER=mb-ar" "COMPILER_FLAGS= -O2 -c -mcpu=v10.0 -mlittle-endian -mxl-soft-mul" "EXTRA_COMPILER_FLAGS=-ffunction-sections -fdata-sections -Wall -Wextra"
"Compiling PmodENC..."
"Running Make libs in microblaze_0/libsrc/PmodOLEDrgb_v1_0/src"
C:/Xilinx/SDK/2017.3/gnuwin/bin/make -C microblaze_0/libsrc/PmodOLEDrgb_v1_0/src -s libs  "SHELL=CMD" "COMPILER=mb-gcc" "ARCHIVER=mb-ar" "COMPILER_FLAGS= -O2 -c -mcpu=v10.0 -mlittle-endian -mxl-soft-mul" "EXTRA_COMPILER_FLAGS=-ffunction-sections -fdata-sections -Wall -Wextra"
"Compiling PmodOLEDrgb..."
"Running Make libs in microblaze_0/libsrc/standalone_v6_4/src"
C:/Xilinx/SDK/2017.3/gnuwin/bin/make -C microblaze_0/libsrc/standalone_v6_4/src -s libs  "SHELL=CMD" "COMPILER=mb-gcc" "ARCHIVER=mb-ar" "COMPILER_FLAGS= -O2 -c -mcpu=v10.0 -mlittle-endian -mxl-soft-mul" "EXTRA_COMPILER_FLAGS=-ffunction-sections -fdata-sections -Wall -Wextra"
"Compiling standalone";
"Running Make libs in microblaze_0/libsrc/tmrctr_v4_4/src"
C:/Xilinx/SDK/2017.3/gnuwin/bin/make -C microblaze_0/libsrc/tmrctr_v4_4/src -s libs  "SHELL=CMD" "COMPILER=mb-gcc" "ARCHIVER=mb-ar" "COMPILER_FLAGS= -O2 -c -mcpu=v10.0 -mlittle-endian -mxl-soft-mul" "EXTRA_COMPILER_FLAGS=-ffunction-sections -fdata-sections -Wall -Wextra"
"Compiling tmrctr"
"Running Make libs in microblaze_0/libsrc/uartlite_v3_2/src"
C:/Xilinx/SDK/2017.3/gnuwin/bin/make -C microblaze_0/libsrc/uartlite_v3_2/src -s libs  "SHELL=CMD" "COMPILER=mb-gcc" "ARCHIVER=mb-ar" "COMPILER_FLAGS= -O2 -c -mcpu=v10.0 -mlittle-endian -mxl-soft-mul" "EXTRA_COMPILER_FLAGS=-ffunction-sections -fdata-sections -Wall -Wextra"
"Compiling uartlite"
'Finished building libraries'
14:46:14 **** Auto Build of configuration Debug for project n4fpga_sw_platform_0 ****
make all 
Building file: ../ece544_IP_Test.c
Invoking: MicroBlaze gcc compiler
mb-gcc -Wall -O0 -g3 -c -fmessage-length=0 -MT"ece544_IP_Test.o" -I../../standalone_bsp_0/microblaze_0/include -mlittle-endian -mcpu=v10.0 -mxl-soft-mul -Wl,--no-relax -ffunction-sections -fdata-sections -MMD -MP -MF"ece544_IP_Test.d" -MT"ece544_IP_Test.o" -o "ece544_IP_Test.o" "../ece544_IP_Test.c"
In file included from ../ece544_IP_Test.c:53:0:
../../standalone_bsp_0/microblaze_0/include/pmodOLEDrgb.h:57:0: warning: "bool" redefined
 #define bool u8
 
In file included from ../../standalone_bsp_0/microblaze_0/include/nexys4IO.h:29:0,
                 from ../ece544_IP_Test.c:52:
c:\xilinx\sdk\2017.3\gnu\microblaze\nt\lib\gcc\microblaze-xilinx-elf\6.2.0\include\stdbool.h:33:0: note: this is the location of the previous definition
 #define bool _Bool
 
../ece544_IP_Test.c: In function 'RunTest4':
../ece544_IP_Test.c:384:11: warning: unused variable 'sw' [-Wunused-variable]
  uint16_t sw;
           ^~
Finished building: ../ece544_IP_Test.c
 
Building file: ../platform.c
Invoking: MicroBlaze gcc compiler
mb-gcc -Wall -O0 -g3 -c -fmessage-length=0 -MT"platform.o" -I../../standalone_bsp_0/microblaze_0/include -mlittle-endian -mcpu=v10.0 -mxl-soft-mul -Wl,--no-relax -ffunction-sections -fdata-sections -MMD -MP -MF"platform.d" -MT"platform.o" -o "platform.o" "../platform.c"
Finished building: ../platform.c
 
Building target: n4fpga_sw_platform_0.elf
Invoking: MicroBlaze gcc linker
mb-gcc -Wl,-T -Wl,../src/lscript.ld -L../../standalone_bsp_0/microblaze_0/lib -mlittle-endian -mcpu=v10.0 -mxl-soft-mul -Wl,--no-relax -Wl,--gc-sections -o "n4fpga_sw_platform_0.elf"  ./ece544_IP_Test.o ./platform.o   -Wl,--start-group,-lxil,-lgcc,-lc,--end-group
Finished building target: n4fpga_sw_platform_0.elf
 
Invoking: MicroBlaze Print Size
mb-size n4fpga_sw_platform_0.elf  |tee "n4fpga_sw_platform_0.elf.size"
   text	   data	    bss	    dec	    hex	filename
  39524	    384	   3732	  43640	   aa78	n4fpga_sw_platform_0.elf
Finished building: n4fpga_sw_platform_0.elf.size
 
14:46:47 **** Incremental Build of configuration Debug for project n4fpga_sw_platform_0 ****
make all 
make: Nothing to be done for `all'.
12:50:49 **** Incremental Build of configuration Debug for project n4fpga_sw_platform_0 ****
make all 
Building file: ../ece544_IP_Test.c
Invoking: MicroBlaze gcc compiler
mb-gcc -Wall -O0 -g3 -c -fmessage-length=0 -MT"ece544_IP_Test.o" -I../../standalone_bsp_0/microblaze_0/include -mlittle-endian -mcpu=v10.0 -mxl-soft-mul -Wl,--no-relax -ffunction-sections -fdata-sections -MMD -MP -MF"ece544_IP_Test.d" -MT"ece544_IP_Test.o" -o "ece544_IP_Test.o" "../ece544_IP_Test.c"
In file included from ../ece544_IP_Test.c:54:0:
../../standalone_bsp_0/microblaze_0/include/pmodOLEDrgb.h:57:0: warning: "bool" redefined
 #define bool u8
 
In file included from ../../standalone_bsp_0/microblaze_0/include/nexys4IO.h:29:0,
                 from ../ece544_IP_Test.c:53:
c:\xilinx\sdk\2017.3\gnu\microblaze\nt\lib\gcc\microblaze-xilinx-elf\6.2.0\include\stdbool.h:33:0: note: this is the location of the previous definition
 #define bool _Bool
 
../ece544_IP_Test.c: In function 'RunTest4':
../ece544_IP_Test.c:385:11: warning: unused variable 'sw' [-Wunused-variable]
  uint16_t sw;
           ^~
Finished building: ../ece544_IP_Test.c
 
Building target: n4fpga_sw_platform_0.elf
Invoking: MicroBlaze gcc linker
mb-gcc -Wl,-T -Wl,../src/lscript.ld -L../../standalone_bsp_0/microblaze_0/lib -mlittle-endian -mcpu=v10.0 -mxl-soft-mul -Wl,--no-relax -Wl,--gc-sections -o "n4fpga_sw_platform_0.elf"  ./ece544_IP_Test.o ./platform.o   -Wl,--start-group,-lxil,-lgcc,-lc,--end-group
Finished building target: n4fpga_sw_platform_0.elf
 
Invoking: MicroBlaze Print Size
mb-size n4fpga_sw_platform_0.elf  |tee "n4fpga_sw_platform_0.elf.size"
   text	   data	    bss	    dec	    hex	filename
  39524	    384	   3732	  43640	   aa78	n4fpga_sw_platform_0.elf
Finished building: n4fpga_sw_platform_0.elf.size
 
12:52:26 **** Incremental Build of configuration Debug for project n4fpga_sw_platform_0 ****
make all 
make: Nothing to be done for `all'.
12:53:31 **** Incremental Build of configuration Debug for project n4fpga_sw_platform_0 ****
make all 
make: Nothing to be done for `all'.
12:57:12 **** Incremental Build of configuration Debug for project n4fpga_sw_platform_0 ****
make all 
make: Nothing to be done for `all'.
12:58:37 **** Incremental Build of configuration Debug for project n4fpga_sw_platform_0 ****
make all 
make: Nothing to be done for `all'.
13:00:16 **** Incremental Build of configuration Debug for project n4fpga_sw_platform_0 ****
make all 
make: Nothing to be done for `all'.
13:10:05 **** Auto Build of configuration Debug for project n4fpga_sw_platform_0 ****
make all 
Building file: ../ece544_IP_Test.c
Invoking: MicroBlaze gcc compiler
mb-gcc -Wall -O0 -g3 -c -fmessage-length=0 -MT"ece544_IP_Test.o" -I../../standalone_bsp_0/microblaze_0/include -mlittle-endian -mcpu=v10.0 -mxl-soft-mul -Wl,--no-relax -ffunction-sections -fdata-sections -MMD -MP -MF"ece544_IP_Test.d" -MT"ece544_IP_Test.o" -o "ece544_IP_Test.o" "../ece544_IP_Test.c"
In file included from ../ece544_IP_Test.c:54:0:
../../standalone_bsp_0/microblaze_0/include/pmodOLEDrgb.h:57:0: warning: "bool" redefined
 #define bool u8
 
In file included from ../../standalone_bsp_0/microblaze_0/include/nexys4IO.h:29:0,
                 from ../ece544_IP_Test.c:53:
c:\xilinx\sdk\2017.3\gnu\microblaze\nt\lib\gcc\microblaze-xilinx-elf\6.2.0\include\stdbool.h:33:0: note: this is the location of the previous definition
 #define bool _Bool
 
../ece544_IP_Test.c: In function 'RunTest4':
../ece544_IP_Test.c:387:56: error: expected ',' or ';' before 'preHsv'
  Hsv curHsv={.hueReading=0,.satReading=0,.valReading=0}preHsv={.hueReading=360,.satReading=255,.valReading=255};
                                                        ^~~~~~
../ece544_IP_Test.c:494:26: error: 'preHsv' undeclared (first use in this function)
   if (curHsv.hueReading!=preHsv.hueReading)
                          ^~~~~~
../ece544_IP_Test.c:494:26: note: each undeclared identifier is reported only once for each function it appears in
../ece544_IP_Test.c:385:11: warning: unused variable 'sw' [-Wunused-variable]
  uint16_t sw;
           ^~
make: *** [ece544_IP_Test.o] Error 1
13:10:08 **** Auto Build of configuration Debug for project n4fpga_sw_platform_0 ****
make all 
Building file: ../ece544_IP_Test.c
Invoking: MicroBlaze gcc compiler
mb-gcc -Wall -O0 -g3 -c -fmessage-length=0 -MT"ece544_IP_Test.o" -I../../standalone_bsp_0/microblaze_0/include -mlittle-endian -mcpu=v10.0 -mxl-soft-mul -Wl,--no-relax -ffunction-sections -fdata-sections -MMD -MP -MF"ece544_IP_Test.d" -MT"ece544_IP_Test.o" -o "ece544_IP_Test.o" "../ece544_IP_Test.c"
In file included from ../ece544_IP_Test.c:54:0:
../../standalone_bsp_0/microblaze_0/include/pmodOLEDrgb.h:57:0: warning: "bool" redefined
 #define bool u8
 
In file included from ../../standalone_bsp_0/microblaze_0/include/nexys4IO.h:29:0,
                 from ../ece544_IP_Test.c:53:
c:\xilinx\sdk\2017.3\gnu\microblaze\nt\lib\gcc\microblaze-xilinx-elf\6.2.0\include\stdbool.h:33:0: note: this is the location of the previous definition
 #define bool _Bool
 
../ece544_IP_Test.c: In function 'RunTest4':
../ece544_IP_Test.c:385:11: warning: unused variable 'sw' [-Wunused-variable]
  uint16_t sw;
           ^~
Finished building: ../ece544_IP_Test.c
 
Building target: n4fpga_sw_platform_0.elf
Invoking: MicroBlaze gcc linker
mb-gcc -Wl,-T -Wl,../src/lscript.ld -L../../standalone_bsp_0/microblaze_0/lib -mlittle-endian -mcpu=v10.0 -mxl-soft-mul -Wl,--no-relax -Wl,--gc-sections -o "n4fpga_sw_platform_0.elf"  ./ece544_IP_Test.o ./platform.o   -Wl,--start-group,-lxil,-lgcc,-lc,--end-group
Finished building target: n4fpga_sw_platform_0.elf
 
Invoking: MicroBlaze Print Size
mb-size n4fpga_sw_platform_0.elf  |tee "n4fpga_sw_platform_0.elf.size"
   text	   data	    bss	    dec	    hex	filename
  39536	    384	   3728	  43648	   aa80	n4fpga_sw_platform_0.elf
Finished building: n4fpga_sw_platform_0.elf.size
 
13:10:19 **** Incremental Build of configuration Debug for project n4fpga_sw_platform_0 ****
make all 
make: Nothing to be done for `all'.
19:32:07 **** Build of project standalone_bsp_0 ****
make -k all 
"Running Make include in microblaze_0/libsrc/bram_v4_2/src"
C:/Xilinx/SDK/2017.3/gnuwin/bin/make -C microblaze_0/libsrc/bram_v4_2/src -s include  "SHELL=CMD" "COMPILER=mb-gcc" "ARCHIVER=mb-ar" "COMPILER_FLAGS= -O2 -c -mcpu=v10.0 -mlittle-endian -mxl-soft-mul" "EXTRA_COMPILER_FLAGS=-ffunction-sections -fdata-sections -Wall -Wextra"
"Running Make include in microblaze_0/libsrc/cpu_v2_6/src"
C:/Xilinx/SDK/2017.3/gnuwin/bin/make -C microblaze_0/libsrc/cpu_v2_6/src -s include  "SHELL=CMD" "COMPILER=mb-gcc" "ARCHIVER=mb-ar" "COMPILER_FLAGS= -O2 -c -mcpu=v10.0 -mlittle-endian -mxl-soft-mul" "EXTRA_COMPILER_FLAGS=-ffunction-sections -fdata-sections -Wall -Wextra"
"Running Make include in microblaze_0/libsrc/gpio_v4_3/src"
C:/Xilinx/SDK/2017.3/gnuwin/bin/make -C microblaze_0/libsrc/gpio_v4_3/src -s include  "SHELL=CMD" "COMPILER=mb-gcc" "ARCHIVER=mb-ar" "COMPILER_FLAGS= -O2 -c -mcpu=v10.0 -mlittle-endian -mxl-soft-mul" "EXTRA_COMPILER_FLAGS=-ffunction-sections -fdata-sections -Wall -Wextra"
"Running Make include in microblaze_0/libsrc/intc_v3_7/src"
C:/Xilinx/SDK/2017.3/gnuwin/bin/make -C microblaze_0/libsrc/intc_v3_7/src -s include  "SHELL=CMD" "COMPILER=mb-gcc" "ARCHIVER=mb-ar" "COMPILER_FLAGS= -O2 -c -mcpu=v10.0 -mlittle-endian -mxl-soft-mul" "EXTRA_COMPILER_FLAGS=-ffunction-sections -fdata-sections -Wall -Wextra"
"Running Make include in microblaze_0/libsrc/nexys4IO_v1_0/src"
C:/Xilinx/SDK/2017.3/gnuwin/bin/make -C microblaze_0/libsrc/nexys4IO_v1_0/src -s include  "SHELL=CMD" "COMPILER=mb-gcc" "ARCHIVER=mb-ar" "COMPILER_FLAGS= -O2 -c -mcpu=v10.0 -mlittle-endian -mxl-soft-mul" "EXTRA_COMPILER_FLAGS=-ffunction-sections -fdata-sections -Wall -Wextra"
"Running Make include in microblaze_0/libsrc/PmodENC_v1_0/src"
C:/Xilinx/SDK/2017.3/gnuwin/bin/make -C microblaze_0/libsrc/PmodENC_v1_0/src -s include  "SHELL=CMD" "COMPILER=mb-gcc" "ARCHIVER=mb-ar" "COMPILER_FLAGS= -O2 -c -mcpu=v10.0 -mlittle-endian -mxl-soft-mul" "EXTRA_COMPILER_FLAGS=-ffunction-sections -fdata-sections -Wall -Wextra"
"Running Make include in microblaze_0/libsrc/PmodOLEDrgb_v1_0/src"
C:/Xilinx/SDK/2017.3/gnuwin/bin/make -C microblaze_0/libsrc/PmodOLEDrgb_v1_0/src -s include  "SHELL=CMD" "COMPILER=mb-gcc" "ARCHIVER=mb-ar" "COMPILER_FLAGS= -O2 -c -mcpu=v10.0 -mlittle-endian -mxl-soft-mul" "EXTRA_COMPILER_FLAGS=-ffunction-sections -fdata-sections -Wall -Wextra"
"Running Make include in microblaze_0/libsrc/standalone_v6_4/src"
C:/Xilinx/SDK/2017.3/gnuwin/bin/make -C microblaze_0/libsrc/standalone_v6_4/src -s include  "SHELL=CMD" "COMPILER=mb-gcc" "ARCHIVER=mb-ar" "COMPILER_FLAGS= -O2 -c -mcpu=v10.0 -mlittle-endian -mxl-soft-mul" "EXTRA_COMPILER_FLAGS=-ffunction-sections -fdata-sections -Wall -Wextra"
"Running Make include in microblaze_0/libsrc/tmrctr_v4_4/src"
C:/Xilinx/SDK/2017.3/gnuwin/bin/make -C microblaze_0/libsrc/tmrctr_v4_4/src -s include  "SHELL=CMD" "COMPILER=mb-gcc" "ARCHIVER=mb-ar" "COMPILER_FLAGS= -O2 -c -mcpu=v10.0 -mlittle-endian -mxl-soft-mul" "EXTRA_COMPILER_FLAGS=-ffunction-sections -fdata-sections -Wall -Wextra"
"Running Make include in microblaze_0/libsrc/uartlite_v3_2/src"
C:/Xilinx/SDK/2017.3/gnuwin/bin/make -C microblaze_0/libsrc/uartlite_v3_2/src -s include  "SHELL=CMD" "COMPILER=mb-gcc" "ARCHIVER=mb-ar" "COMPILER_FLAGS= -O2 -c -mcpu=v10.0 -mlittle-endian -mxl-soft-mul" "EXTRA_COMPILER_FLAGS=-ffunction-sections -fdata-sections -Wall -Wextra"
"Running Make libs in microblaze_0/libsrc/bram_v4_2/src"
C:/Xilinx/SDK/2017.3/gnuwin/bin/make -C microblaze_0/libsrc/bram_v4_2/src -s libs  "SHELL=CMD" "COMPILER=mb-gcc" "ARCHIVER=mb-ar" "COMPILER_FLAGS= -O2 -c -mcpu=v10.0 -mlittle-endian -mxl-soft-mul" "EXTRA_COMPILER_FLAGS=-ffunction-sections -fdata-sections -Wall -Wextra"
"Compiling bram"
"Running Make libs in microblaze_0/libsrc/cpu_v2_6/src"
C:/Xilinx/SDK/2017.3/gnuwin/bin/make -C microblaze_0/libsrc/cpu_v2_6/src -s libs  "SHELL=CMD" "COMPILER=mb-gcc" "ARCHIVER=mb-ar" "COMPILER_FLAGS= -O2 -c -mcpu=v10.0 -mlittle-endian -mxl-soft-mul" "EXTRA_COMPILER_FLAGS=-ffunction-sections -fdata-sections -Wall -Wextra"
"Compiling cpu"
"Running Make libs in microblaze_0/libsrc/gpio_v4_3/src"
C:/Xilinx/SDK/2017.3/gnuwin/bin/make -C microblaze_0/libsrc/gpio_v4_3/src -s libs  "SHELL=CMD" "COMPILER=mb-gcc" "ARCHIVER=mb-ar" "COMPILER_FLAGS= -O2 -c -mcpu=v10.0 -mlittle-endian -mxl-soft-mul" "EXTRA_COMPILER_FLAGS=-ffunction-sections -fdata-sections -Wall -Wextra"
"Compiling gpio"
"Running Make libs in microblaze_0/libsrc/intc_v3_7/src"
C:/Xilinx/SDK/2017.3/gnuwin/bin/make -C microblaze_0/libsrc/intc_v3_7/src -s libs  "SHELL=CMD" "COMPILER=mb-gcc" "ARCHIVER=mb-ar" "COMPILER_FLAGS= -O2 -c -mcpu=v10.0 -mlittle-endian -mxl-soft-mul" "EXTRA_COMPILER_FLAGS=-ffunction-sections -fdata-sections -Wall -Wextra"
"Compiling intc"
"Running Make libs in microblaze_0/libsrc/nexys4IO_v1_0/src"
C:/Xilinx/SDK/2017.3/gnuwin/bin/make -C microblaze_0/libsrc/nexys4IO_v1_0/src -s libs  "SHELL=CMD" "COMPILER=mb-gcc" "ARCHIVER=mb-ar" "COMPILER_FLAGS= -O2 -c -mcpu=v10.0 -mlittle-endian -mxl-soft-mul" "EXTRA_COMPILER_FLAGS=-ffunction-sections -fdata-sections -Wall -Wextra"
"Compiling nexys4IO..."
"Running Make libs in microblaze_0/libsrc/PmodENC_v1_0/src"
C:/Xilinx/SDK/2017.3/gnuwin/bin/make -C microblaze_0/libsrc/PmodENC_v1_0/src -s libs  "SHELL=CMD" "COMPILER=mb-gcc" "ARCHIVER=mb-ar" "COMPILER_FLAGS= -O2 -c -mcpu=v10.0 -mlittle-endian -mxl-soft-mul" "EXTRA_COMPILER_FLAGS=-ffunction-sections -fdata-sections -Wall -Wextra"
"Compiling PmodENC..."
"Running Make libs in microblaze_0/libsrc/PmodOLEDrgb_v1_0/src"
C:/Xilinx/SDK/2017.3/gnuwin/bin/make -C microblaze_0/libsrc/PmodOLEDrgb_v1_0/src -s libs  "SHELL=CMD" "COMPILER=mb-gcc" "ARCHIVER=mb-ar" "COMPILER_FLAGS= -O2 -c -mcpu=v10.0 -mlittle-endian -mxl-soft-mul" "EXTRA_COMPILER_FLAGS=-ffunction-sections -fdata-sections -Wall -Wextra"
"Compiling PmodOLEDrgb..."
"Running Make libs in microblaze_0/libsrc/standalone_v6_4/src"
C:/Xilinx/SDK/2017.3/gnuwin/bin/make -C microblaze_0/libsrc/standalone_v6_4/src -s libs  "SHELL=CMD" "COMPILER=mb-gcc" "ARCHIVER=mb-ar" "COMPILER_FLAGS= -O2 -c -mcpu=v10.0 -mlittle-endian -mxl-soft-mul" "EXTRA_COMPILER_FLAGS=-ffunction-sections -fdata-sections -Wall -Wextra"
"Compiling standalone";
"Running Make libs in microblaze_0/libsrc/tmrctr_v4_4/src"
C:/Xilinx/SDK/2017.3/gnuwin/bin/make -C microblaze_0/libsrc/tmrctr_v4_4/src -s libs  "SHELL=CMD" "COMPILER=mb-gcc" "ARCHIVER=mb-ar" "COMPILER_FLAGS= -O2 -c -mcpu=v10.0 -mlittle-endian -mxl-soft-mul" "EXTRA_COMPILER_FLAGS=-ffunction-sections -fdata-sections -Wall -Wextra"
"Compiling tmrctr"
"Running Make libs in microblaze_0/libsrc/uartlite_v3_2/src"
C:/Xilinx/SDK/2017.3/gnuwin/bin/make -C microblaze_0/libsrc/uartlite_v3_2/src -s libs  "SHELL=CMD" "COMPILER=mb-gcc" "ARCHIVER=mb-ar" "COMPILER_FLAGS= -O2 -c -mcpu=v10.0 -mlittle-endian -mxl-soft-mul" "EXTRA_COMPILER_FLAGS=-ffunction-sections -fdata-sections -Wall -Wextra"
"Compiling uartlite"
'Finished building libraries'
19:33:15 **** Build of configuration Debug for project n4fpga_sw_platform_0 ****
make all 
Building file: ../ece544_IP_Test.c
Invoking: MicroBlaze gcc compiler
mb-gcc -Wall -O0 -g3 -c -fmessage-length=0 -MT"ece544_IP_Test.o" -I../../standalone_bsp_0/microblaze_0/include -mlittle-endian -mcpu=v10.0 -mxl-soft-mul -Wl,--no-relax -ffunction-sections -fdata-sections -MMD -MP -MF"ece544_IP_Test.d" -MT"ece544_IP_Test.o" -o "ece544_IP_Test.o" "../ece544_IP_Test.c"
In file included from ../ece544_IP_Test.c:54:0:
../../standalone_bsp_0/microblaze_0/include/pmodOLEDrgb.h:57:0: warning: "bool" redefined
 #define bool u8
 
In file included from ../../standalone_bsp_0/microblaze_0/include/nexys4IO.h:29:0,
                 from ../ece544_IP_Test.c:53:
c:\xilinx\sdk\2017.3\gnu\microblaze\nt\lib\gcc\microblaze-xilinx-elf\6.2.0\include\stdbool.h:33:0: note: this is the location of the previous definition
 #define bool _Bool
 
../ece544_IP_Test.c: In function 'RunTest4':
../ece544_IP_Test.c:385:11: warning: unused variable 'sw' [-Wunused-variable]
  uint16_t sw;
           ^~
Finished building: ../ece544_IP_Test.c
 
Building file: ../platform.c
Invoking: MicroBlaze gcc compiler
mb-gcc -Wall -O0 -g3 -c -fmessage-length=0 -MT"platform.o" -I../../standalone_bsp_0/microblaze_0/include -mlittle-endian -mcpu=v10.0 -mxl-soft-mul -Wl,--no-relax -ffunction-sections -fdata-sections -MMD -MP -MF"platform.d" -MT"platform.o" -o "platform.o" "../platform.c"
Finished building: ../platform.c
 
Building target: n4fpga_sw_platform_0.elf
Invoking: MicroBlaze gcc linker
mb-gcc -Wl,-T -Wl,../src/lscript.ld -L../../standalone_bsp_0/microblaze_0/lib -mlittle-endian -mcpu=v10.0 -mxl-soft-mul -Wl,--no-relax -Wl,--gc-sections -o "n4fpga_sw_platform_0.elf"  ./ece544_IP_Test.o ./platform.o   -Wl,--start-group,-lxil,-lgcc,-lc,--end-group
Finished building target: n4fpga_sw_platform_0.elf
 
Invoking: MicroBlaze Print Size
mb-size n4fpga_sw_platform_0.elf  |tee "n4fpga_sw_platform_0.elf.size"
   text	   data	    bss	    dec	    hex	filename
  39548	    384	   3732	  43664	   aa90	n4fpga_sw_platform_0.elf
Finished building: n4fpga_sw_platform_0.elf.size
 
19:33:19 **** Auto Build of configuration Debug for project n4fpga_sw_platform_0 ****
make all 
Building file: ../ece544_IP_Test.c
Invoking: MicroBlaze gcc compiler
mb-gcc -Wall -O0 -g3 -c -fmessage-length=0 -MT"ece544_IP_Test.o" -I../../standalone_bsp_0/microblaze_0/include -mlittle-endian -mcpu=v10.0 -mxl-soft-mul -Wl,--no-relax -ffunction-sections -fdata-sections -MMD -MP -MF"ece544_IP_Test.d" -MT"ece544_IP_Test.o" -o "ece544_IP_Test.o" "../ece544_IP_Test.c"
In file included from ../ece544_IP_Test.c:54:0:
../../standalone_bsp_0/microblaze_0/include/pmodOLEDrgb.h:57:0: warning: "bool" redefined
 #define bool u8
 
In file included from ../../standalone_bsp_0/microblaze_0/include/nexys4IO.h:29:0,
                 from ../ece544_IP_Test.c:53:
c:\xilinx\sdk\2017.3\gnu\microblaze\nt\lib\gcc\microblaze-xilinx-elf\6.2.0\include\stdbool.h:33:0: note: this is the location of the previous definition
 #define bool _Bool
 
../ece544_IP_Test.c: In function 'RunTest4':
../ece544_IP_Test.c:385:11: warning: unused variable 'sw' [-Wunused-variable]
  uint16_t sw;
           ^~
Finished building: ../ece544_IP_Test.c
 
Building target: n4fpga_sw_platform_0.elf
Invoking: MicroBlaze gcc linker
mb-gcc -Wl,-T -Wl,../src/lscript.ld -L../../standalone_bsp_0/microblaze_0/lib -mlittle-endian -mcpu=v10.0 -mxl-soft-mul -Wl,--no-relax -Wl,--gc-sections -o "n4fpga_sw_platform_0.elf"  ./ece544_IP_Test.o ./platform.o   -Wl,--start-group,-lxil,-lgcc,-lc,--end-group
Finished building target: n4fpga_sw_platform_0.elf
 
Invoking: MicroBlaze Print Size
mb-size n4fpga_sw_platform_0.elf  |tee "n4fpga_sw_platform_0.elf.size"
   text	   data	    bss	    dec	    hex	filename
  39572	    384	   3732	  43688	   aaa8	n4fpga_sw_platform_0.elf
Finished building: n4fpga_sw_platform_0.elf.size
 
19:34:04 **** Auto Build of configuration Debug for project n4fpga_sw_platform_0 ****
make all 
Building file: ../ece544_IP_Test.c
Invoking: MicroBlaze gcc compiler
mb-gcc -Wall -O0 -g3 -c -fmessage-length=0 -MT"ece544_IP_Test.o" -I../../standalone_bsp_0/microblaze_0/include -mlittle-endian -mcpu=v10.0 -mxl-soft-mul -Wl,--no-relax -ffunction-sections -fdata-sections -MMD -MP -MF"ece544_IP_Test.d" -MT"ece544_IP_Test.o" -o "ece544_IP_Test.o" "../ece544_IP_Test.c"
In file included from ../ece544_IP_Test.c:54:0:
../../standalone_bsp_0/microblaze_0/include/pmodOLEDrgb.h:57:0: warning: "bool" redefined
 #define bool u8
 
In file included from ../../standalone_bsp_0/microblaze_0/include/nexys4IO.h:29:0,
                 from ../ece544_IP_Test.c:53:
c:\xilinx\sdk\2017.3\gnu\microblaze\nt\lib\gcc\microblaze-xilinx-elf\6.2.0\include\stdbool.h:33:0: note: this is the location of the previous definition
 #define bool _Bool
 
../ece544_IP_Test.c: In function 'RunTest4':
../ece544_IP_Test.c:385:11: warning: unused variable 'sw' [-Wunused-variable]
  uint16_t sw;
           ^~
Finished building: ../ece544_IP_Test.c
 
Building target: n4fpga_sw_platform_0.elf
Invoking: MicroBlaze gcc linker
mb-gcc -Wl,-T -Wl,../src/lscript.ld -L../../standalone_bsp_0/microblaze_0/lib -mlittle-endian -mcpu=v10.0 -mxl-soft-mul -Wl,--no-relax -Wl,--gc-sections -o "n4fpga_sw_platform_0.elf"  ./ece544_IP_Test.o ./platform.o   -Wl,--start-group,-lxil,-lgcc,-lc,--end-group
Finished building target: n4fpga_sw_platform_0.elf
 
Invoking: MicroBlaze Print Size
mb-size n4fpga_sw_platform_0.elf  |tee "n4fpga_sw_platform_0.elf.size"
   text	   data	    bss	    dec	    hex	filename
  39552	    384	   3728	  43664	   aa90	n4fpga_sw_platform_0.elf
Finished building: n4fpga_sw_platform_0.elf.size
 
19:34:11 **** Incremental Build of configuration Debug for project n4fpga_sw_platform_0 ****
make all 
make: Nothing to be done for `all'.
19:35:37 **** Incremental Build of configuration Debug for project n4fpga_sw_platform_0 ****
make all 
make: Nothing to be done for `all'.
19:36:28 **** Auto Build of configuration Debug for project n4fpga_sw_platform_0 ****
make all 
Building file: ../ece544_IP_Test.c
Invoking: MicroBlaze gcc compiler
mb-gcc -Wall -O0 -g3 -c -fmessage-length=0 -MT"ece544_IP_Test.o" -I../../standalone_bsp_0/microblaze_0/include -mlittle-endian -mcpu=v10.0 -mxl-soft-mul -Wl,--no-relax -ffunction-sections -fdata-sections -MMD -MP -MF"ece544_IP_Test.d" -MT"ece544_IP_Test.o" -o "ece544_IP_Test.o" "../ece544_IP_Test.c"
In file included from ../ece544_IP_Test.c:54:0:
../../standalone_bsp_0/microblaze_0/include/pmodOLEDrgb.h:57:0: warning: "bool" redefined
 #define bool u8
 
In file included from ../../standalone_bsp_0/microblaze_0/include/nexys4IO.h:29:0,
                 from ../ece544_IP_Test.c:53:
c:\xilinx\sdk\2017.3\gnu\microblaze\nt\lib\gcc\microblaze-xilinx-elf\6.2.0\include\stdbool.h:33:0: note: this is the location of the previous definition
 #define bool _Bool
 
../ece544_IP_Test.c: In function 'RunTest4':
../ece544_IP_Test.c:385:11: warning: unused variable 'sw' [-Wunused-variable]
  uint16_t sw;
           ^~
Finished building: ../ece544_IP_Test.c
 
Building target: n4fpga_sw_platform_0.elf
Invoking: MicroBlaze gcc linker
mb-gcc -Wl,-T -Wl,../src/lscript.ld -L../../standalone_bsp_0/microblaze_0/lib -mlittle-endian -mcpu=v10.0 -mxl-soft-mul -Wl,--no-relax -Wl,--gc-sections -o "n4fpga_sw_platform_0.elf"  ./ece544_IP_Test.o ./platform.o   -Wl,--start-group,-lxil,-lgcc,-lc,--end-group
Finished building target: n4fpga_sw_platform_0.elf
 
Invoking: MicroBlaze Print Size
mb-size n4fpga_sw_platform_0.elf  |tee "n4fpga_sw_platform_0.elf.size"
   text	   data	    bss	    dec	    hex	filename
  37600	    384	   3728	  41712	   a2f0	n4fpga_sw_platform_0.elf
Finished building: n4fpga_sw_platform_0.elf.size
 
19:36:48 **** Incremental Build of configuration Debug for project n4fpga_sw_platform_0 ****
make all 
make: Nothing to be done for `all'.
19:43:45 **** Incremental Build of configuration Debug for project n4fpga_sw_platform_0 ****
make all 
make: Nothing to be done for `all'.
20:22:38 **** Incremental Build of configuration Debug for project n4fpga_sw_platform_0 ****
make all 
make: Nothing to be done for `all'.
20:29:02 **** Auto Build of configuration Debug for project n4fpga_sw_platform_0 ****
make all 
Building file: ../ece544_IP_Test.c
Invoking: MicroBlaze gcc compiler
mb-gcc -Wall -O0 -g3 -c -fmessage-length=0 -MT"ece544_IP_Test.o" -I../../standalone_bsp_0/microblaze_0/include -mlittle-endian -mcpu=v10.0 -mxl-soft-mul -Wl,--no-relax -ffunction-sections -fdata-sections -MMD -MP -MF"ece544_IP_Test.d" -MT"ece544_IP_Test.o" -o "ece544_IP_Test.o" "../ece544_IP_Test.c"
In file included from ../ece544_IP_Test.c:54:0:
../../standalone_bsp_0/microblaze_0/include/pmodOLEDrgb.h:57:0: warning: "bool" redefined
 #define bool u8
 
In file included from ../../standalone_bsp_0/microblaze_0/include/nexys4IO.h:29:0,
                 from ../ece544_IP_Test.c:53:
c:\xilinx\sdk\2017.3\gnu\microblaze\nt\lib\gcc\microblaze-xilinx-elf\6.2.0\include\stdbool.h:33:0: note: this is the location of the previous definition
 #define bool _Bool
 
../ece544_IP_Test.c: In function 'RunTest4':
../ece544_IP_Test.c:385:11: warning: unused variable 'sw' [-Wunused-variable]
  uint16_t sw;
           ^~
Finished building: ../ece544_IP_Test.c
 
Building target: n4fpga_sw_platform_0.elf
Invoking: MicroBlaze gcc linker
mb-gcc -Wl,-T -Wl,../src/lscript.ld -L../../standalone_bsp_0/microblaze_0/lib -mlittle-endian -mcpu=v10.0 -mxl-soft-mul -Wl,--no-relax -Wl,--gc-sections -o "n4fpga_sw_platform_0.elf"  ./ece544_IP_Test.o ./platform.o   -Wl,--start-group,-lxil,-lgcc,-lc,--end-group
Finished building target: n4fpga_sw_platform_0.elf
 
Invoking: MicroBlaze Print Size
mb-size n4fpga_sw_platform_0.elf  |tee "n4fpga_sw_platform_0.elf.size"
   text	   data	    bss	    dec	    hex	filename
  37592	    384	   3728	  41704	   a2e8	n4fpga_sw_platform_0.elf
Finished building: n4fpga_sw_platform_0.elf.size
 
20:29:09 **** Incremental Build of configuration Debug for project n4fpga_sw_platform_0 ****
make all 
make: Nothing to be done for `all'.
20:39:02 **** Auto Build of configuration Debug for project n4fpga_sw_platform_0 ****
make all 
Building file: ../ece544_IP_Test.c
Invoking: MicroBlaze gcc compiler
mb-gcc -Wall -O0 -g3 -c -fmessage-length=0 -MT"ece544_IP_Test.o" -I../../standalone_bsp_0/microblaze_0/include -mlittle-endian -mcpu=v10.0 -mxl-soft-mul -Wl,--no-relax -ffunction-sections -fdata-sections -MMD -MP -MF"ece544_IP_Test.d" -MT"ece544_IP_Test.o" -o "ece544_IP_Test.o" "../ece544_IP_Test.c"
In file included from ../ece544_IP_Test.c:54:0:
../../standalone_bsp_0/microblaze_0/include/pmodOLEDrgb.h:57:0: warning: "bool" redefined
 #define bool u8
 
In file included from ../../standalone_bsp_0/microblaze_0/include/nexys4IO.h:29:0,
                 from ../ece544_IP_Test.c:53:
c:\xilinx\sdk\2017.3\gnu\microblaze\nt\lib\gcc\microblaze-xilinx-elf\6.2.0\include\stdbool.h:33:0: note: this is the location of the previous definition
 #define bool _Bool
 
../ece544_IP_Test.c: In function 'RunTest4':
../ece544_IP_Test.c:385:11: warning: unused variable 'sw' [-Wunused-variable]
  uint16_t sw;
           ^~
Finished building: ../ece544_IP_Test.c
 
Building target: n4fpga_sw_platform_0.elf
Invoking: MicroBlaze gcc linker
mb-gcc -Wl,-T -Wl,../src/lscript.ld -L../../standalone_bsp_0/microblaze_0/lib -mlittle-endian -mcpu=v10.0 -mxl-soft-mul -Wl,--no-relax -Wl,--gc-sections -o "n4fpga_sw_platform_0.elf"  ./ece544_IP_Test.o ./platform.o   -Wl,--start-group,-lxil,-lgcc,-lc,--end-group
Finished building target: n4fpga_sw_platform_0.elf
 
Invoking: MicroBlaze Print Size
mb-size n4fpga_sw_platform_0.elf  |tee "n4fpga_sw_platform_0.elf.size"
   text	   data	    bss	    dec	    hex	filename
  37616	    384	   3736	  41736	   a308	n4fpga_sw_platform_0.elf
Finished building: n4fpga_sw_platform_0.elf.size
 
20:39:12 **** Incremental Build of configuration Debug for project n4fpga_sw_platform_0 ****
make all 
make: Nothing to be done for `all'.
22:24:56 **** Incremental Build of configuration Debug for project n4fpga_sw_platform_0 ****
make all 
make: Nothing to be done for `all'.
22:27:30 **** Auto Build of configuration Debug for project n4fpga_sw_platform_0 ****
make all 
Building file: ../ece544_IP_Test.c
Invoking: MicroBlaze gcc compiler
mb-gcc -Wall -O0 -g3 -c -fmessage-length=0 -MT"ece544_IP_Test.o" -I../../standalone_bsp_0/microblaze_0/include -mlittle-endian -mcpu=v10.0 -mxl-soft-mul -Wl,--no-relax -ffunction-sections -fdata-sections -MMD -MP -MF"ece544_IP_Test.d" -MT"ece544_IP_Test.o" -o "ece544_IP_Test.o" "../ece544_IP_Test.c"
In file included from ../ece544_IP_Test.c:54:0:
../../standalone_bsp_0/microblaze_0/include/pmodOLEDrgb.h:57:0: warning: "bool" redefined
 #define bool u8
 
In file included from ../../standalone_bsp_0/microblaze_0/include/nexys4IO.h:29:0,
                 from ../ece544_IP_Test.c:53:
c:\xilinx\sdk\2017.3\gnu\microblaze\nt\lib\gcc\microblaze-xilinx-elf\6.2.0\include\stdbool.h:33:0: note: this is the location of the previous definition
 #define bool _Bool
 
../ece544_IP_Test.c: In function 'RunTest4':
../ece544_IP_Test.c:385:11: warning: unused variable 'sw' [-Wunused-variable]
  uint16_t sw;
           ^~
../ece544_IP_Test.c: In function 'FIT_Handler':
../ece544_IP_Test.c:893:23: error: 'aa' undeclared (first use in this function)
  NX4IO_SSEG_putU32Dec(aa++, true);
                       ^~
../ece544_IP_Test.c:893:23: note: each undeclared identifier is reported only once for each function it appears in
make: *** [ece544_IP_Test.o] Error 1
22:27:35 **** Incremental Build of configuration Debug for project n4fpga_sw_platform_0 ****
make all 
Building file: ../ece544_IP_Test.c
Invoking: MicroBlaze gcc compiler
mb-gcc -Wall -O0 -g3 -c -fmessage-length=0 -MT"ece544_IP_Test.o" -I../../standalone_bsp_0/microblaze_0/include -mlittle-endian -mcpu=v10.0 -mxl-soft-mul -Wl,--no-relax -ffunction-sections -fdata-sections -MMD -MP -MF"ece544_IP_Test.d" -MT"ece544_IP_Test.o" -o "ece544_IP_Test.o" "../ece544_IP_Test.c"
In file included from ../ece544_IP_Test.c:54:0:
../../standalone_bsp_0/microblaze_0/include/pmodOLEDrgb.h:57:0: warning: "bool" redefined
 #define bool u8
 
In file included from ../../standalone_bsp_0/microblaze_0/include/nexys4IO.h:29:0,
                 from ../ece544_IP_Test.c:53:
c:\xilinx\sdk\2017.3\gnu\microblaze\nt\lib\gcc\microblaze-xilinx-elf\6.2.0\include\stdbool.h:33:0: note: this is the location of the previous definition
 #define bool _Bool
 
../ece544_IP_Test.c: In function 'RunTest4':
../ece544_IP_Test.c:385:11: warning: unused variable 'sw' [-Wunused-variable]
  uint16_t sw;
           ^~
../ece544_IP_Test.c: In function 'FIT_Handler':
../ece544_IP_Test.c:893:23: error: 'aa' undeclared (first use in this function)
  NX4IO_SSEG_putU32Dec(aa++, true);
                       ^~
../ece544_IP_Test.c:893:23: note: each undeclared identifier is reported only once for each function it appears in
make: *** [ece544_IP_Test.o] Error 1
22:28:05 **** Auto Build of configuration Debug for project n4fpga_sw_platform_0 ****
make all 
Building file: ../ece544_IP_Test.c
Invoking: MicroBlaze gcc compiler
mb-gcc -Wall -O0 -g3 -c -fmessage-length=0 -MT"ece544_IP_Test.o" -I../../standalone_bsp_0/microblaze_0/include -mlittle-endian -mcpu=v10.0 -mxl-soft-mul -Wl,--no-relax -ffunction-sections -fdata-sections -MMD -MP -MF"ece544_IP_Test.d" -MT"ece544_IP_Test.o" -o "ece544_IP_Test.o" "../ece544_IP_Test.c"
In file included from ../ece544_IP_Test.c:54:0:
../../standalone_bsp_0/microblaze_0/include/pmodOLEDrgb.h:57:0: warning: "bool" redefined
 #define bool u8
 
In file included from ../../standalone_bsp_0/microblaze_0/include/nexys4IO.h:29:0,
                 from ../ece544_IP_Test.c:53:
c:\xilinx\sdk\2017.3\gnu\microblaze\nt\lib\gcc\microblaze-xilinx-elf\6.2.0\include\stdbool.h:33:0: note: this is the location of the previous definition
 #define bool _Bool
 
../ece544_IP_Test.c: In function 'RunTest4':
../ece544_IP_Test.c:385:11: warning: unused variable 'sw' [-Wunused-variable]
  uint16_t sw;
           ^~
Finished building: ../ece544_IP_Test.c
 
Building target: n4fpga_sw_platform_0.elf
Invoking: MicroBlaze gcc linker
mb-gcc -Wl,-T -Wl,../src/lscript.ld -L../../standalone_bsp_0/microblaze_0/lib -mlittle-endian -mcpu=v10.0 -mxl-soft-mul -Wl,--no-relax -Wl,--gc-sections -o "n4fpga_sw_platform_0.elf"  ./ece544_IP_Test.o ./platform.o   -Wl,--start-group,-lxil,-lgcc,-lc,--end-group
Finished building target: n4fpga_sw_platform_0.elf
 
Invoking: MicroBlaze Print Size
mb-size n4fpga_sw_platform_0.elf  |tee "n4fpga_sw_platform_0.elf.size"
   text	   data	    bss	    dec	    hex	filename
  37612	    384	   3740	  41736	   a308	n4fpga_sw_platform_0.elf
Finished building: n4fpga_sw_platform_0.elf.size
 
22:28:11 **** Incremental Build of configuration Debug for project n4fpga_sw_platform_0 ****
make all 
make: Nothing to be done for `all'.
22:33:50 **** Auto Build of configuration Debug for project n4fpga_sw_platform_0 ****
make all 
Building file: ../ece544_IP_Test.c
Invoking: MicroBlaze gcc compiler
mb-gcc -Wall -O0 -g3 -c -fmessage-length=0 -MT"ece544_IP_Test.o" -I../../standalone_bsp_0/microblaze_0/include -mlittle-endian -mcpu=v10.0 -mxl-soft-mul -Wl,--no-relax -ffunction-sections -fdata-sections -MMD -MP -MF"ece544_IP_Test.d" -MT"ece544_IP_Test.o" -o "ece544_IP_Test.o" "../ece544_IP_Test.c"
In file included from ../ece544_IP_Test.c:54:0:
../../standalone_bsp_0/microblaze_0/include/pmodOLEDrgb.h:57:0: warning: "bool" redefined
 #define bool u8
 
In file included from ../../standalone_bsp_0/microblaze_0/include/nexys4IO.h:29:0,
                 from ../ece544_IP_Test.c:53:
c:\xilinx\sdk\2017.3\gnu\microblaze\nt\lib\gcc\microblaze-xilinx-elf\6.2.0\include\stdbool.h:33:0: note: this is the location of the previous definition
 #define bool _Bool
 
../ece544_IP_Test.c: In function 'RunTest4':
../ece544_IP_Test.c:385:11: warning: unused variable 'sw' [-Wunused-variable]
  uint16_t sw;
           ^~
Finished building: ../ece544_IP_Test.c
 
Building target: n4fpga_sw_platform_0.elf
Invoking: MicroBlaze gcc linker
mb-gcc -Wl,-T -Wl,../src/lscript.ld -L../../standalone_bsp_0/microblaze_0/lib -mlittle-endian -mcpu=v10.0 -mxl-soft-mul -Wl,--no-relax -Wl,--gc-sections -o "n4fpga_sw_platform_0.elf"  ./ece544_IP_Test.o ./platform.o   -Wl,--start-group,-lxil,-lgcc,-lc,--end-group
Finished building target: n4fpga_sw_platform_0.elf
 
Invoking: MicroBlaze Print Size
mb-size n4fpga_sw_platform_0.elf  |tee "n4fpga_sw_platform_0.elf.size"
   text	   data	    bss	    dec	    hex	filename
  37600	    384	   3736	  41720	   a2f8	n4fpga_sw_platform_0.elf
Finished building: n4fpga_sw_platform_0.elf.size
 
22:33:58 **** Incremental Build of configuration Debug for project n4fpga_sw_platform_0 ****
make all 
make: Nothing to be done for `all'.
22:34:25 **** Auto Build of configuration Debug for project n4fpga_sw_platform_0 ****
make all 
Building file: ../ece544_IP_Test.c
Invoking: MicroBlaze gcc compiler
mb-gcc -Wall -O0 -g3 -c -fmessage-length=0 -MT"ece544_IP_Test.o" -I../../standalone_bsp_0/microblaze_0/include -mlittle-endian -mcpu=v10.0 -mxl-soft-mul -Wl,--no-relax -ffunction-sections -fdata-sections -MMD -MP -MF"ece544_IP_Test.d" -MT"ece544_IP_Test.o" -o "ece544_IP_Test.o" "../ece544_IP_Test.c"
In file included from ../ece544_IP_Test.c:54:0:
../../standalone_bsp_0/microblaze_0/include/pmodOLEDrgb.h:57:0: warning: "bool" redefined
 #define bool u8
 
In file included from ../../standalone_bsp_0/microblaze_0/include/nexys4IO.h:29:0,
                 from ../ece544_IP_Test.c:53:
c:\xilinx\sdk\2017.3\gnu\microblaze\nt\lib\gcc\microblaze-xilinx-elf\6.2.0\include\stdbool.h:33:0: note: this is the location of the previous definition
 #define bool _Bool
 
../ece544_IP_Test.c: In function 'RunTest4':
../ece544_IP_Test.c:385:11: warning: unused variable 'sw' [-Wunused-variable]
  uint16_t sw;
           ^~
Finished building: ../ece544_IP_Test.c
 
Building target: n4fpga_sw_platform_0.elf
Invoking: MicroBlaze gcc linker
mb-gcc -Wl,-T -Wl,../src/lscript.ld -L../../standalone_bsp_0/microblaze_0/lib -mlittle-endian -mcpu=v10.0 -mxl-soft-mul -Wl,--no-relax -Wl,--gc-sections -o "n4fpga_sw_platform_0.elf"  ./ece544_IP_Test.o ./platform.o   -Wl,--start-group,-lxil,-lgcc,-lc,--end-group
Finished building target: n4fpga_sw_platform_0.elf
 
Invoking: MicroBlaze Print Size
mb-size n4fpga_sw_platform_0.elf  |tee "n4fpga_sw_platform_0.elf.size"
   text	   data	    bss	    dec	    hex	filename
  37560	    384	   3728	  41672	   a2c8	n4fpga_sw_platform_0.elf
Finished building: n4fpga_sw_platform_0.elf.size
 
22:34:35 **** Incremental Build of configuration Debug for project n4fpga_sw_platform_0 ****
make all 
make: Nothing to be done for `all'.
22:35:52 **** Auto Build of configuration Debug for project n4fpga_sw_platform_0 ****
make all 
Building file: ../ece544_IP_Test.c
Invoking: MicroBlaze gcc compiler
mb-gcc -Wall -O0 -g3 -c -fmessage-length=0 -MT"ece544_IP_Test.o" -I../../standalone_bsp_0/microblaze_0/include -mlittle-endian -mcpu=v10.0 -mxl-soft-mul -Wl,--no-relax -ffunction-sections -fdata-sections -MMD -MP -MF"ece544_IP_Test.d" -MT"ece544_IP_Test.o" -o "ece544_IP_Test.o" "../ece544_IP_Test.c"
In file included from ../ece544_IP_Test.c:54:0:
../../standalone_bsp_0/microblaze_0/include/pmodOLEDrgb.h:57:0: warning: "bool" redefined
 #define bool u8
 
In file included from ../../standalone_bsp_0/microblaze_0/include/nexys4IO.h:29:0,
                 from ../ece544_IP_Test.c:53:
c:\xilinx\sdk\2017.3\gnu\microblaze\nt\lib\gcc\microblaze-xilinx-elf\6.2.0\include\stdbool.h:33:0: note: this is the location of the previous definition
 #define bool _Bool
 
../ece544_IP_Test.c: In function 'RunTest4':
../ece544_IP_Test.c:385:11: warning: unused variable 'sw' [-Wunused-variable]
  uint16_t sw;
           ^~
Finished building: ../ece544_IP_Test.c
 
Building target: n4fpga_sw_platform_0.elf
Invoking: MicroBlaze gcc linker
mb-gcc -Wl,-T -Wl,../src/lscript.ld -L../../standalone_bsp_0/microblaze_0/lib -mlittle-endian -mcpu=v10.0 -mxl-soft-mul -Wl,--no-relax -Wl,--gc-sections -o "n4fpga_sw_platform_0.elf"  ./ece544_IP_Test.o ./platform.o   -Wl,--start-group,-lxil,-lgcc,-lc,--end-group
Finished building target: n4fpga_sw_platform_0.elf
 
Invoking: MicroBlaze Print Size
mb-size n4fpga_sw_platform_0.elf  |tee "n4fpga_sw_platform_0.elf.size"
   text	   data	    bss	    dec	    hex	filename
  37588	    384	   3732	  41704	   a2e8	n4fpga_sw_platform_0.elf
Finished building: n4fpga_sw_platform_0.elf.size
 
22:36:01 **** Incremental Build of configuration Debug for project n4fpga_sw_platform_0 ****
make all 
make: Nothing to be done for `all'.
22:37:14 **** Auto Build of configuration Debug for project n4fpga_sw_platform_0 ****
make all 
Building file: ../ece544_IP_Test.c
Invoking: MicroBlaze gcc compiler
mb-gcc -Wall -O0 -g3 -c -fmessage-length=0 -MT"ece544_IP_Test.o" -I../../standalone_bsp_0/microblaze_0/include -mlittle-endian -mcpu=v10.0 -mxl-soft-mul -Wl,--no-relax -ffunction-sections -fdata-sections -MMD -MP -MF"ece544_IP_Test.d" -MT"ece544_IP_Test.o" -o "ece544_IP_Test.o" "../ece544_IP_Test.c"
In file included from ../ece544_IP_Test.c:54:0:
../../standalone_bsp_0/microblaze_0/include/pmodOLEDrgb.h:57:0: warning: "bool" redefined
 #define bool u8
 
In file included from ../../standalone_bsp_0/microblaze_0/include/nexys4IO.h:29:0,
                 from ../ece544_IP_Test.c:53:
c:\xilinx\sdk\2017.3\gnu\microblaze\nt\lib\gcc\microblaze-xilinx-elf\6.2.0\include\stdbool.h:33:0: note: this is the location of the previous definition
 #define bool _Bool
 
../ece544_IP_Test.c: In function 'RunTest4':
../ece544_IP_Test.c:385:11: warning: unused variable 'sw' [-Wunused-variable]
  uint16_t sw;
           ^~
Finished building: ../ece544_IP_Test.c
 
Building target: n4fpga_sw_platform_0.elf
Invoking: MicroBlaze gcc linker
mb-gcc -Wl,-T -Wl,../src/lscript.ld -L../../standalone_bsp_0/microblaze_0/lib -mlittle-endian -mcpu=v10.0 -mxl-soft-mul -Wl,--no-relax -Wl,--gc-sections -o "n4fpga_sw_platform_0.elf"  ./ece544_IP_Test.o ./platform.o   -Wl,--start-group,-lxil,-lgcc,-lc,--end-group
Finished building target: n4fpga_sw_platform_0.elf
 
Invoking: MicroBlaze Print Size
mb-size n4fpga_sw_platform_0.elf  |tee "n4fpga_sw_platform_0.elf.size"
   text	   data	    bss	    dec	    hex	filename
  37560	    384	   3728	  41672	   a2c8	n4fpga_sw_platform_0.elf
Finished building: n4fpga_sw_platform_0.elf.size
 
22:56:06 **** Incremental Build of configuration Debug for project n4fpga_sw_platform_0 ****
make all 
make: Nothing to be done for `all'.
22:59:41 **** Auto Build of configuration Debug for project n4fpga_sw_platform_0 ****
make all 
Building file: ../ece544_IP_Test.c
Invoking: MicroBlaze gcc compiler
mb-gcc -Wall -O0 -g3 -c -fmessage-length=0 -MT"ece544_IP_Test.o" -I../../standalone_bsp_0/microblaze_0/include -mlittle-endian -mcpu=v10.0 -mxl-soft-mul -Wl,--no-relax -ffunction-sections -fdata-sections -MMD -MP -MF"ece544_IP_Test.d" -MT"ece544_IP_Test.o" -o "ece544_IP_Test.o" "../ece544_IP_Test.c"
../ece544_IP_Test.c:51:21: fatal error: xstatus.h: No such file or directory
 #include "xstatus.h"
                     ^
compilation terminated.
make: *** [ece544_IP_Test.o] Error 1
23:00:33 **** Build of project standalone_bsp_0 ****
make -k all 
"Running Make include in microblaze_0/libsrc/bram_v4_2/src"
C:/Xilinx/SDK/2017.3/gnuwin/bin/make -C microblaze_0/libsrc/bram_v4_2/src -s include  "SHELL=CMD" "COMPILER=mb-gcc" "ARCHIVER=mb-ar" "COMPILER_FLAGS= -O2 -c -mcpu=v10.0 -mlittle-endian -mxl-soft-mul" "EXTRA_COMPILER_FLAGS=-ffunction-sections -fdata-sections -Wall -Wextra"
"Running Make include in microblaze_0/libsrc/cpu_v2_6/src"
C:/Xilinx/SDK/2017.3/gnuwin/bin/make -C microblaze_0/libsrc/cpu_v2_6/src -s include  "SHELL=CMD" "COMPILER=mb-gcc" "ARCHIVER=mb-ar" "COMPILER_FLAGS= -O2 -c -mcpu=v10.0 -mlittle-endian -mxl-soft-mul" "EXTRA_COMPILER_FLAGS=-ffunction-sections -fdata-sections -Wall -Wextra"
"Running Make include in microblaze_0/libsrc/gpio_v4_3/src"
C:/Xilinx/SDK/2017.3/gnuwin/bin/make -C microblaze_0/libsrc/gpio_v4_3/src -s include  "SHELL=CMD" "COMPILER=mb-gcc" "ARCHIVER=mb-ar" "COMPILER_FLAGS= -O2 -c -mcpu=v10.0 -mlittle-endian -mxl-soft-mul" "EXTRA_COMPILER_FLAGS=-ffunction-sections -fdata-sections -Wall -Wextra"
"Running Make include in microblaze_0/libsrc/intc_v3_7/src"
C:/Xilinx/SDK/2017.3/gnuwin/bin/make -C microblaze_0/libsrc/intc_v3_7/src -s include  "SHELL=CMD" "COMPILER=mb-gcc" "ARCHIVER=mb-ar" "COMPILER_FLAGS= -O2 -c -mcpu=v10.0 -mlittle-endian -mxl-soft-mul" "EXTRA_COMPILER_FLAGS=-ffunction-sections -fdata-sections -Wall -Wextra"
"Running Make include in microblaze_0/libsrc/nexys4IO_v1_0/src"
C:/Xilinx/SDK/2017.3/gnuwin/bin/make -C microblaze_0/libsrc/nexys4IO_v1_0/src -s include  "SHELL=CMD" "COMPILER=mb-gcc" "ARCHIVER=mb-ar" "COMPILER_FLAGS= -O2 -c -mcpu=v10.0 -mlittle-endian -mxl-soft-mul" "EXTRA_COMPILER_FLAGS=-ffunction-sections -fdata-sections -Wall -Wextra"
"Running Make include in microblaze_0/libsrc/PmodENC_v1_0/src"
C:/Xilinx/SDK/2017.3/gnuwin/bin/make -C microblaze_0/libsrc/PmodENC_v1_0/src -s include  "SHELL=CMD" "COMPILER=mb-gcc" "ARCHIVER=mb-ar" "COMPILER_FLAGS= -O2 -c -mcpu=v10.0 -mlittle-endian -mxl-soft-mul" "EXTRA_COMPILER_FLAGS=-ffunction-sections -fdata-sections -Wall -Wextra"
"Running Make include in microblaze_0/libsrc/PmodOLEDrgb_v1_0/src"
C:/Xilinx/SDK/2017.3/gnuwin/bin/make -C microblaze_0/libsrc/PmodOLEDrgb_v1_0/src -s include  "SHELL=CMD" "COMPILER=mb-gcc" "ARCHIVER=mb-ar" "COMPILER_FLAGS= -O2 -c -mcpu=v10.0 -mlittle-endian -mxl-soft-mul" "EXTRA_COMPILER_FLAGS=-ffunction-sections -fdata-sections -Wall -Wextra"
"Running Make include in microblaze_0/libsrc/standalone_v6_4/src"
C:/Xilinx/SDK/2017.3/gnuwin/bin/make -C microblaze_0/libsrc/standalone_v6_4/src -s include  "SHELL=CMD" "COMPILER=mb-gcc" "ARCHIVER=mb-ar" "COMPILER_FLAGS= -O2 -c -mcpu=v10.0 -mlittle-endian -mxl-soft-mul" "EXTRA_COMPILER_FLAGS=-ffunction-sections -fdata-sections -Wall -Wextra"
"Running Make include in microblaze_0/libsrc/tmrctr_v4_4/src"
C:/Xilinx/SDK/2017.3/gnuwin/bin/make -C microblaze_0/libsrc/tmrctr_v4_4/src -s include  "SHELL=CMD" "COMPILER=mb-gcc" "ARCHIVER=mb-ar" "COMPILER_FLAGS= -O2 -c -mcpu=v10.0 -mlittle-endian -mxl-soft-mul" "EXTRA_COMPILER_FLAGS=-ffunction-sections -fdata-sections -Wall -Wextra"
"Running Make include in microblaze_0/libsrc/uartlite_v3_2/src"
C:/Xilinx/SDK/2017.3/gnuwin/bin/make -C microblaze_0/libsrc/uartlite_v3_2/src -s include  "SHELL=CMD" "COMPILER=mb-gcc" "ARCHIVER=mb-ar" "COMPILER_FLAGS= -O2 -c -mcpu=v10.0 -mlittle-endian -mxl-soft-mul" "EXTRA_COMPILER_FLAGS=-ffunction-sections -fdata-sections -Wall -Wextra"
"Running Make libs in microblaze_0/libsrc/bram_v4_2/src"
C:/Xilinx/SDK/2017.3/gnuwin/bin/make -C microblaze_0/libsrc/bram_v4_2/src -s libs  "SHELL=CMD" "COMPILER=mb-gcc" "ARCHIVER=mb-ar" "COMPILER_FLAGS= -O2 -c -mcpu=v10.0 -mlittle-endian -mxl-soft-mul" "EXTRA_COMPILER_FLAGS=-ffunction-sections -fdata-sections -Wall -Wextra"
"Compiling bram"
mb-ar: creating ../../../lib/libxil.a
"Running Make libs in microblaze_0/libsrc/cpu_v2_6/src"
C:/Xilinx/SDK/2017.3/gnuwin/bin/make -C microblaze_0/libsrc/cpu_v2_6/src -s libs  "SHELL=CMD" "COMPILER=mb-gcc" "ARCHIVER=mb-ar" "COMPILER_FLAGS= -O2 -c -mcpu=v10.0 -mlittle-endian -mxl-soft-mul" "EXTRA_COMPILER_FLAGS=-ffunction-sections -fdata-sections -Wall -Wextra"
"Compiling cpu"
"Running Make libs in microblaze_0/libsrc/gpio_v4_3/src"
C:/Xilinx/SDK/2017.3/gnuwin/bin/make -C microblaze_0/libsrc/gpio_v4_3/src -s libs  "SHELL=CMD" "COMPILER=mb-gcc" "ARCHIVER=mb-ar" "COMPILER_FLAGS= -O2 -c -mcpu=v10.0 -mlittle-endian -mxl-soft-mul" "EXTRA_COMPILER_FLAGS=-ffunction-sections -fdata-sections -Wall -Wextra"
"Compiling gpio"
"Running Make libs in microblaze_0/libsrc/intc_v3_7/src"
C:/Xilinx/SDK/2017.3/gnuwin/bin/make -C microblaze_0/libsrc/intc_v3_7/src -s libs  "SHELL=CMD" "COMPILER=mb-gcc" "ARCHIVER=mb-ar" "COMPILER_FLAGS= -O2 -c -mcpu=v10.0 -mlittle-endian -mxl-soft-mul" "EXTRA_COMPILER_FLAGS=-ffunction-sections -fdata-sections -Wall -Wextra"
"Compiling intc"
"Running Make libs in microblaze_0/libsrc/nexys4IO_v1_0/src"
C:/Xilinx/SDK/2017.3/gnuwin/bin/make -C microblaze_0/libsrc/nexys4IO_v1_0/src -s libs  "SHELL=CMD" "COMPILER=mb-gcc" "ARCHIVER=mb-ar" "COMPILER_FLAGS= -O2 -c -mcpu=v10.0 -mlittle-endian -mxl-soft-mul" "EXTRA_COMPILER_FLAGS=-ffunction-sections -fdata-sections -Wall -Wextra"
"Compiling nexys4IO..."
"Running Make libs in microblaze_0/libsrc/PmodENC_v1_0/src"
C:/Xilinx/SDK/2017.3/gnuwin/bin/make -C microblaze_0/libsrc/PmodENC_v1_0/src -s libs  "SHELL=CMD" "COMPILER=mb-gcc" "ARCHIVER=mb-ar" "COMPILER_FLAGS= -O2 -c -mcpu=v10.0 -mlittle-endian -mxl-soft-mul" "EXTRA_COMPILER_FLAGS=-ffunction-sections -fdata-sections -Wall -Wextra"
"Compiling PmodENC..."
"Running Make libs in microblaze_0/libsrc/PmodOLEDrgb_v1_0/src"
C:/Xilinx/SDK/2017.3/gnuwin/bin/make -C microblaze_0/libsrc/PmodOLEDrgb_v1_0/src -s libs  "SHELL=CMD" "COMPILER=mb-gcc" "ARCHIVER=mb-ar" "COMPILER_FLAGS= -O2 -c -mcpu=v10.0 -mlittle-endian -mxl-soft-mul" "EXTRA_COMPILER_FLAGS=-ffunction-sections -fdata-sections -Wall -Wextra"
"Compiling PmodOLEDrgb..."
"Running Make libs in microblaze_0/libsrc/standalone_v6_4/src"
C:/Xilinx/SDK/2017.3/gnuwin/bin/make -C microblaze_0/libsrc/standalone_v6_4/src -s libs  "SHELL=CMD" "COMPILER=mb-gcc" "ARCHIVER=mb-ar" "COMPILER_FLAGS= -O2 -c -mcpu=v10.0 -mlittle-endian -mxl-soft-mul" "EXTRA_COMPILER_FLAGS=-ffunction-sections -fdata-sections -Wall -Wextra"
"Compiling standalone";
"Running Make libs in microblaze_0/libsrc/tmrctr_v4_4/src"
C:/Xilinx/SDK/2017.3/gnuwin/bin/make -C microblaze_0/libsrc/tmrctr_v4_4/src -s libs  "SHELL=CMD" "COMPILER=mb-gcc" "ARCHIVER=mb-ar" "COMPILER_FLAGS= -O2 -c -mcpu=v10.0 -mlittle-endian -mxl-soft-mul" "EXTRA_COMPILER_FLAGS=-ffunction-sections -fdata-sections -Wall -Wextra"
"Compiling tmrctr"
"Running Make libs in microblaze_0/libsrc/uartlite_v3_2/src"
C:/Xilinx/SDK/2017.3/gnuwin/bin/make -C microblaze_0/libsrc/uartlite_v3_2/src -s libs  "SHELL=CMD" "COMPILER=mb-gcc" "ARCHIVER=mb-ar" "COMPILER_FLAGS= -O2 -c -mcpu=v10.0 -mlittle-endian -mxl-soft-mul" "EXTRA_COMPILER_FLAGS=-ffunction-sections -fdata-sections -Wall -Wextra"
"Compiling uartlite"
'Finished building libraries'
23:02:11 **** Auto Build of project standalone_bsp_0 ****
make -k all 
"Running Make include in microblaze_0/libsrc/bram_v4_2/src"
C:/Xilinx/SDK/2017.3/gnuwin/bin/make -C microblaze_0/libsrc/bram_v4_2/src -s include  "SHELL=CMD" "COMPILER=mb-gcc" "ARCHIVER=mb-ar" "COMPILER_FLAGS= -O2 -c -mcpu=v10.0 -mlittle-endian -mxl-soft-mul" "EXTRA_COMPILER_FLAGS=-ffunction-sections -fdata-sections -Wall -Wextra"
"Running Make include in microblaze_0/libsrc/cpu_v2_6/src"
C:/Xilinx/SDK/2017.3/gnuwin/bin/make -C microblaze_0/libsrc/cpu_v2_6/src -s include  "SHELL=CMD" "COMPILER=mb-gcc" "ARCHIVER=mb-ar" "COMPILER_FLAGS= -O2 -c -mcpu=v10.0 -mlittle-endian -mxl-soft-mul" "EXTRA_COMPILER_FLAGS=-ffunction-sections -fdata-sections -Wall -Wextra"
"Running Make include in microblaze_0/libsrc/gpio_v4_3/src"
C:/Xilinx/SDK/2017.3/gnuwin/bin/make -C microblaze_0/libsrc/gpio_v4_3/src -s include  "SHELL=CMD" "COMPILER=mb-gcc" "ARCHIVER=mb-ar" "COMPILER_FLAGS= -O2 -c -mcpu=v10.0 -mlittle-endian -mxl-soft-mul" "EXTRA_COMPILER_FLAGS=-ffunction-sections -fdata-sections -Wall -Wextra"
"Running Make include in microblaze_0/libsrc/intc_v3_7/src"
C:/Xilinx/SDK/2017.3/gnuwin/bin/make -C microblaze_0/libsrc/intc_v3_7/src -s include  "SHELL=CMD" "COMPILER=mb-gcc" "ARCHIVER=mb-ar" "COMPILER_FLAGS= -O2 -c -mcpu=v10.0 -mlittle-endian -mxl-soft-mul" "EXTRA_COMPILER_FLAGS=-ffunction-sections -fdata-sections -Wall -Wextra"
"Running Make include in microblaze_0/libsrc/nexys4IO_v1_0/src"
C:/Xilinx/SDK/2017.3/gnuwin/bin/make -C microblaze_0/libsrc/nexys4IO_v1_0/src -s include  "SHELL=CMD" "COMPILER=mb-gcc" "ARCHIVER=mb-ar" "COMPILER_FLAGS= -O2 -c -mcpu=v10.0 -mlittle-endian -mxl-soft-mul" "EXTRA_COMPILER_FLAGS=-ffunction-sections -fdata-sections -Wall -Wextra"
"Running Make include in microblaze_0/libsrc/PmodENC_v1_0/src"
C:/Xilinx/SDK/2017.3/gnuwin/bin/make -C microblaze_0/libsrc/PmodENC_v1_0/src -s include  "SHELL=CMD" "COMPILER=mb-gcc" "ARCHIVER=mb-ar" "COMPILER_FLAGS= -O2 -c -mcpu=v10.0 -mlittle-endian -mxl-soft-mul" "EXTRA_COMPILER_FLAGS=-ffunction-sections -fdata-sections -Wall -Wextra"
"Running Make include in microblaze_0/libsrc/PmodOLEDrgb_v1_0/src"
C:/Xilinx/SDK/2017.3/gnuwin/bin/make -C microblaze_0/libsrc/PmodOLEDrgb_v1_0/src -s include  "SHELL=CMD" "COMPILER=mb-gcc" "ARCHIVER=mb-ar" "COMPILER_FLAGS= -O2 -c -mcpu=v10.0 -mlittle-endian -mxl-soft-mul" "EXTRA_COMPILER_FLAGS=-ffunction-sections -fdata-sections -Wall -Wextra"
"Running Make include in microblaze_0/libsrc/standalone_v6_4/src"
C:/Xilinx/SDK/2017.3/gnuwin/bin/make -C microblaze_0/libsrc/standalone_v6_4/src -s include  "SHELL=CMD" "COMPILER=mb-gcc" "ARCHIVER=mb-ar" "COMPILER_FLAGS= -O2 -c -mcpu=v10.0 -mlittle-endian -mxl-soft-mul" "EXTRA_COMPILER_FLAGS=-ffunction-sections -fdata-sections -Wall -Wextra"
"Running Make include in microblaze_0/libsrc/tmrctr_v4_4/src"
C:/Xilinx/SDK/2017.3/gnuwin/bin/make -C microblaze_0/libsrc/tmrctr_v4_4/src -s include  "SHELL=CMD" "COMPILER=mb-gcc" "ARCHIVER=mb-ar" "COMPILER_FLAGS= -O2 -c -mcpu=v10.0 -mlittle-endian -mxl-soft-mul" "EXTRA_COMPILER_FLAGS=-ffunction-sections -fdata-sections -Wall -Wextra"
"Running Make include in microblaze_0/libsrc/uartlite_v3_2/src"
C:/Xilinx/SDK/2017.3/gnuwin/bin/make -C microblaze_0/libsrc/uartlite_v3_2/src -s include  "SHELL=CMD" "COMPILER=mb-gcc" "ARCHIVER=mb-ar" "COMPILER_FLAGS= -O2 -c -mcpu=v10.0 -mlittle-endian -mxl-soft-mul" "EXTRA_COMPILER_FLAGS=-ffunction-sections -fdata-sections -Wall -Wextra"
"Running Make libs in microblaze_0/libsrc/bram_v4_2/src"
C:/Xilinx/SDK/2017.3/gnuwin/bin/make -C microblaze_0/libsrc/bram_v4_2/src -s libs  "SHELL=CMD" "COMPILER=mb-gcc" "ARCHIVER=mb-ar" "COMPILER_FLAGS= -O2 -c -mcpu=v10.0 -mlittle-endian -mxl-soft-mul" "EXTRA_COMPILER_FLAGS=-ffunction-sections -fdata-sections -Wall -Wextra"
"Compiling bram"
"Running Make libs in microblaze_0/libsrc/cpu_v2_6/src"
C:/Xilinx/SDK/2017.3/gnuwin/bin/make -C microblaze_0/libsrc/cpu_v2_6/src -s libs  "SHELL=CMD" "COMPILER=mb-gcc" "ARCHIVER=mb-ar" "COMPILER_FLAGS= -O2 -c -mcpu=v10.0 -mlittle-endian -mxl-soft-mul" "EXTRA_COMPILER_FLAGS=-ffunction-sections -fdata-sections -Wall -Wextra"
"Compiling cpu"
"Running Make libs in microblaze_0/libsrc/gpio_v4_3/src"
C:/Xilinx/SDK/2017.3/gnuwin/bin/make -C microblaze_0/libsrc/gpio_v4_3/src -s libs  "SHELL=CMD" "COMPILER=mb-gcc" "ARCHIVER=mb-ar" "COMPILER_FLAGS= -O2 -c -mcpu=v10.0 -mlittle-endian -mxl-soft-mul" "EXTRA_COMPILER_FLAGS=-ffunction-sections -fdata-sections -Wall -Wextra"
"Compiling gpio"
"Running Make libs in microblaze_0/libsrc/intc_v3_7/src"
C:/Xilinx/SDK/2017.3/gnuwin/bin/make -C microblaze_0/libsrc/intc_v3_7/src -s libs  "SHELL=CMD" "COMPILER=mb-gcc" "ARCHIVER=mb-ar" "COMPILER_FLAGS= -O2 -c -mcpu=v10.0 -mlittle-endian -mxl-soft-mul" "EXTRA_COMPILER_FLAGS=-ffunction-sections -fdata-sections -Wall -Wextra"
"Compiling intc"
"Running Make libs in microblaze_0/libsrc/nexys4IO_v1_0/src"
C:/Xilinx/SDK/2017.3/gnuwin/bin/make -C microblaze_0/libsrc/nexys4IO_v1_0/src -s libs  "SHELL=CMD" "COMPILER=mb-gcc" "ARCHIVER=mb-ar" "COMPILER_FLAGS= -O2 -c -mcpu=v10.0 -mlittle-endian -mxl-soft-mul" "EXTRA_COMPILER_FLAGS=-ffunction-sections -fdata-sections -Wall -Wextra"
"Compiling nexys4IO..."
"Running Make libs in microblaze_0/libsrc/PmodENC_v1_0/src"
C:/Xilinx/SDK/2017.3/gnuwin/bin/make -C microblaze_0/libsrc/PmodENC_v1_0/src -s libs  "SHELL=CMD" "COMPILER=mb-gcc" "ARCHIVER=mb-ar" "COMPILER_FLAGS= -O2 -c -mcpu=v10.0 -mlittle-endian -mxl-soft-mul" "EXTRA_COMPILER_FLAGS=-ffunction-sections -fdata-sections -Wall -Wextra"
"Compiling PmodENC..."
"Running Make libs in microblaze_0/libsrc/PmodOLEDrgb_v1_0/src"
C:/Xilinx/SDK/2017.3/gnuwin/bin/make -C microblaze_0/libsrc/PmodOLEDrgb_v1_0/src -s libs  "SHELL=CMD" "COMPILER=mb-gcc" "ARCHIVER=mb-ar" "COMPILER_FLAGS= -O2 -c -mcpu=v10.0 -mlittle-endian -mxl-soft-mul" "EXTRA_COMPILER_FLAGS=-ffunction-sections -fdata-sections -Wall -Wextra"
"Compiling PmodOLEDrgb..."
"Running Make libs in microblaze_0/libsrc/standalone_v6_4/src"
C:/Xilinx/SDK/2017.3/gnuwin/bin/make -C microblaze_0/libsrc/standalone_v6_4/src -s libs  "SHELL=CMD" "COMPILER=mb-gcc" "ARCHIVER=mb-ar" "COMPILER_FLAGS= -O2 -c -mcpu=v10.0 -mlittle-endian -mxl-soft-mul" "EXTRA_COMPILER_FLAGS=-ffunction-sections -fdata-sections -Wall -Wextra"
"Compiling standalone";
"Running Make libs in microblaze_0/libsrc/tmrctr_v4_4/src"
C:/Xilinx/SDK/2017.3/gnuwin/bin/make -C microblaze_0/libsrc/tmrctr_v4_4/src -s libs  "SHELL=CMD" "COMPILER=mb-gcc" "ARCHIVER=mb-ar" "COMPILER_FLAGS= -O2 -c -mcpu=v10.0 -mlittle-endian -mxl-soft-mul" "EXTRA_COMPILER_FLAGS=-ffunction-sections -fdata-sections -Wall -Wextra"
"Compiling tmrctr"
"Running Make libs in microblaze_0/libsrc/uartlite_v3_2/src"
C:/Xilinx/SDK/2017.3/gnuwin/bin/make -C microblaze_0/libsrc/uartlite_v3_2/src -s libs  "SHELL=CMD" "COMPILER=mb-gcc" "ARCHIVER=mb-ar" "COMPILER_FLAGS= -O2 -c -mcpu=v10.0 -mlittle-endian -mxl-soft-mul" "EXTRA_COMPILER_FLAGS=-ffunction-sections -fdata-sections -Wall -Wextra"
"Compiling uartlite"
'Finished building libraries'
23:03:25 **** Auto Build of configuration Debug for project n4fpga_sw_platform_0 ****
make all 
Building file: ../ece544_IP_Test.c
Invoking: MicroBlaze gcc compiler
mb-gcc -Wall -O0 -g3 -c -fmessage-length=0 -MT"ece544_IP_Test.o" -I../../standalone_bsp_0/microblaze_0/include -mlittle-endian -mcpu=v10.0 -mxl-soft-mul -Wl,--no-relax -ffunction-sections -fdata-sections -MMD -MP -MF"ece544_IP_Test.d" -MT"ece544_IP_Test.o" -o "ece544_IP_Test.o" "../ece544_IP_Test.c"
In file included from ../ece544_IP_Test.c:54:0:
../../standalone_bsp_0/microblaze_0/include/pmodOLEDrgb.h:57:0: warning: "bool" redefined
 #define bool u8
 
In file included from ../../standalone_bsp_0/microblaze_0/include/nexys4IO.h:29:0,
                 from ../ece544_IP_Test.c:53:
c:\xilinx\sdk\2017.3\gnu\microblaze\nt\lib\gcc\microblaze-xilinx-elf\6.2.0\include\stdbool.h:33:0: note: this is the location of the previous definition
 #define bool _Bool
 
../ece544_IP_Test.c: In function 'RunTest4':
../ece544_IP_Test.c:385:11: warning: unused variable 'sw' [-Wunused-variable]
  uint16_t sw;
           ^~
Finished building: ../ece544_IP_Test.c
 
Building file: ../platform.c
Invoking: MicroBlaze gcc compiler
mb-gcc -Wall -O0 -g3 -c -fmessage-length=0 -MT"platform.o" -I../../standalone_bsp_0/microblaze_0/include -mlittle-endian -mcpu=v10.0 -mxl-soft-mul -Wl,--no-relax -ffunction-sections -fdata-sections -MMD -MP -MF"platform.d" -MT"platform.o" -o "platform.o" "../platform.c"
Finished building: ../platform.c
 
Building target: n4fpga_sw_platform_0.elf
Invoking: MicroBlaze gcc linker
mb-gcc -Wl,-T -Wl,../src/lscript.ld -L../../standalone_bsp_0/microblaze_0/lib -mlittle-endian -mcpu=v10.0 -mxl-soft-mul -Wl,--no-relax -Wl,--gc-sections -o "n4fpga_sw_platform_0.elf"  ./ece544_IP_Test.o ./platform.o   -Wl,--start-group,-lxil,-lgcc,-lc,--end-group
Finished building target: n4fpga_sw_platform_0.elf
 
Invoking: MicroBlaze Print Size
mb-size n4fpga_sw_platform_0.elf  |tee "n4fpga_sw_platform_0.elf.size"
   text	   data	    bss	    dec	    hex	filename
  37560	    384	   3728	  41672	   a2c8	n4fpga_sw_platform_0.elf
Finished building: n4fpga_sw_platform_0.elf.size
 
23:03:43 **** Incremental Build of configuration Debug for project n4fpga_sw_platform_0 ****
make all 
make: Nothing to be done for `all'.
23:07:21 **** Auto Build of configuration Debug for project n4fpga_sw_platform_0 ****
make all 
Building file: ../ece544_IP_Test.c
Invoking: MicroBlaze gcc compiler
mb-gcc -Wall -O0 -g3 -c -fmessage-length=0 -MT"ece544_IP_Test.o" -I../../standalone_bsp_0/microblaze_0/include -mlittle-endian -mcpu=v10.0 -mxl-soft-mul -Wl,--no-relax -ffunction-sections -fdata-sections -MMD -MP -MF"ece544_IP_Test.d" -MT"ece544_IP_Test.o" -o "ece544_IP_Test.o" "../ece544_IP_Test.c"
In file included from ../ece544_IP_Test.c:54:0:
../../standalone_bsp_0/microblaze_0/include/pmodOLEDrgb.h:57:0: warning: "bool" redefined
 #define bool u8
 
In file included from ../../standalone_bsp_0/microblaze_0/include/nexys4IO.h:29:0,
                 from ../ece544_IP_Test.c:53:
c:\xilinx\sdk\2017.3\gnu\microblaze\nt\lib\gcc\microblaze-xilinx-elf\6.2.0\include\stdbool.h:33:0: note: this is the location of the previous definition
 #define bool _Bool
 
../ece544_IP_Test.c: In function 'RunTest4':
../ece544_IP_Test.c:385:11: warning: unused variable 'sw' [-Wunused-variable]
  uint16_t sw;
           ^~
Finished building: ../ece544_IP_Test.c
 
Building target: n4fpga_sw_platform_0.elf
Invoking: MicroBlaze gcc linker
mb-gcc -Wl,-T -Wl,../src/lscript.ld -L../../standalone_bsp_0/microblaze_0/lib -mlittle-endian -mcpu=v10.0 -mxl-soft-mul -Wl,--no-relax -Wl,--gc-sections -o "n4fpga_sw_platform_0.elf"  ./ece544_IP_Test.o ./platform.o   -Wl,--start-group,-lxil,-lgcc,-lc,--end-group
Finished building target: n4fpga_sw_platform_0.elf
 
Invoking: MicroBlaze Print Size
mb-size n4fpga_sw_platform_0.elf  |tee "n4fpga_sw_platform_0.elf.size"
   text	   data	    bss	    dec	    hex	filename
  37608	    384	   3728	  41720	   a2f8	n4fpga_sw_platform_0.elf
Finished building: n4fpga_sw_platform_0.elf.size
 
23:07:25 **** Auto Build of configuration Debug for project n4fpga_sw_platform_0 ****
make all 
Building file: ../ece544_IP_Test.c
Invoking: MicroBlaze gcc compiler
[...]
"Running Make include in microblaze_0/libsrc/standalone_v6_4/src"
C:/Xilinx/SDK/2017.3/gnuwin/bin/make -C microblaze_0/libsrc/standalone_v6_4/src -s include  "SHELL=CMD" "COMPILER=mb-gcc" "ARCHIVER=mb-ar" "COMPILER_FLAGS= -O2 -c -mcpu=v10.0 -mlittle-endian -mxl-soft-mul" "EXTRA_COMPILER_FLAGS=-ffunction-sections -fdata-sections -Wall -Wextra"
"Running Make include in microblaze_0/libsrc/tmrctr_v4_4/src"
C:/Xilinx/SDK/2017.3/gnuwin/bin/make -C microblaze_0/libsrc/tmrctr_v4_4/src -s include  "SHELL=CMD" "COMPILER=mb-gcc" "ARCHIVER=mb-ar" "COMPILER_FLAGS= -O2 -c -mcpu=v10.0 -mlittle-endian -mxl-soft-mul" "EXTRA_COMPILER_FLAGS=-ffunction-sections -fdata-sections -Wall -Wextra"
"Running Make include in microblaze_0/libsrc/uartlite_v3_2/src"
C:/Xilinx/SDK/2017.3/gnuwin/bin/make -C microblaze_0/libsrc/uartlite_v3_2/src -s include  "SHELL=CMD" "COMPILER=mb-gcc" "ARCHIVER=mb-ar" "COMPILER_FLAGS= -O2 -c -mcpu=v10.0 -mlittle-endian -mxl-soft-mul" "EXTRA_COMPILER_FLAGS=-ffunction-sections -fdata-sections -Wall -Wextra"
"Running Make libs in microblaze_0/libsrc/bram_v4_2/src"
C:/Xilinx/SDK/2017.3/gnuwin/bin/make -C microblaze_0/libsrc/bram_v4_2/src -s libs  "SHELL=CMD" "COMPILER=mb-gcc" "ARCHIVER=mb-ar" "COMPILER_FLAGS= -O2 -c -mcpu=v10.0 -mlittle-endian -mxl-soft-mul" "EXTRA_COMPILER_FLAGS=-ffunction-sections -fdata-sections -Wall -Wextra"
"Compiling bram"
"Running Make libs in microblaze_0/libsrc/cpu_v2_6/src"
C:/Xilinx/SDK/2017.3/gnuwin/bin/make -C microblaze_0/libsrc/cpu_v2_6/src -s libs  "SHELL=CMD" "COMPILER=mb-gcc" "ARCHIVER=mb-ar" "COMPILER_FLAGS= -O2 -c -mcpu=v10.0 -mlittle-endian -mxl-soft-mul" "EXTRA_COMPILER_FLAGS=-ffunction-sections -fdata-sections -Wall -Wextra"
"Compiling cpu"
"Running Make libs in microblaze_0/libsrc/gpio_v4_3/src"
C:/Xilinx/SDK/2017.3/gnuwin/bin/make -C microblaze_0/libsrc/gpio_v4_3/src -s libs  "SHELL=CMD" "COMPILER=mb-gcc" "ARCHIVER=mb-ar" "COMPILER_FLAGS= -O2 -c -mcpu=v10.0 -mlittle-endian -mxl-soft-mul" "EXTRA_COMPILER_FLAGS=-ffunction-sections -fdata-sections -Wall -Wextra"
"Compiling gpio"
"Running Make libs in microblaze_0/libsrc/intc_v3_7/src"
C:/Xilinx/SDK/2017.3/gnuwin/bin/make -C microblaze_0/libsrc/intc_v3_7/src -s libs  "SHELL=CMD" "COMPILER=mb-gcc" "ARCHIVER=mb-ar" "COMPILER_FLAGS= -O2 -c -mcpu=v10.0 -mlittle-endian -mxl-soft-mul" "EXTRA_COMPILER_FLAGS=-ffunction-sections -fdata-sections -Wall -Wextra"
"Compiling intc"
"Running Make libs in microblaze_0/libsrc/nexys4IO_v1_0/src"
C:/Xilinx/SDK/2017.3/gnuwin/bin/make -C microblaze_0/libsrc/nexys4IO_v1_0/src -s libs  "SHELL=CMD" "COMPILER=mb-gcc" "ARCHIVER=mb-ar" "COMPILER_FLAGS= -O2 -c -mcpu=v10.0 -mlittle-endian -mxl-soft-mul" "EXTRA_COMPILER_FLAGS=-ffunction-sections -fdata-sections -Wall -Wextra"
"Compiling nexys4IO..."
"Running Make libs in microblaze_0/libsrc/PmodENC_v1_0/src"
C:/Xilinx/SDK/2017.3/gnuwin/bin/make -C microblaze_0/libsrc/PmodENC_v1_0/src -s libs  "SHELL=CMD" "COMPILER=mb-gcc" "ARCHIVER=mb-ar" "COMPILER_FLAGS= -O2 -c -mcpu=v10.0 -mlittle-endian -mxl-soft-mul" "EXTRA_COMPILER_FLAGS=-ffunction-sections -fdata-sections -Wall -Wextra"
"Compiling PmodENC..."
"Running Make libs in microblaze_0/libsrc/PmodOLEDrgb_v1_0/src"
C:/Xilinx/SDK/2017.3/gnuwin/bin/make -C microblaze_0/libsrc/PmodOLEDrgb_v1_0/src -s libs  "SHELL=CMD" "COMPILER=mb-gcc" "ARCHIVER=mb-ar" "COMPILER_FLAGS= -O2 -c -mcpu=v10.0 -mlittle-endian -mxl-soft-mul" "EXTRA_COMPILER_FLAGS=-ffunction-sections -fdata-sections -Wall -Wextra"
"Compiling PmodOLEDrgb..."
"Running Make libs in microblaze_0/libsrc/standalone_v6_4/src"
C:/Xilinx/SDK/2017.3/gnuwin/bin/make -C microblaze_0/libsrc/standalone_v6_4/src -s libs  "SHELL=CMD" "COMPILER=mb-gcc" "ARCHIVER=mb-ar" "COMPILER_FLAGS= -O2 -c -mcpu=v10.0 -mlittle-endian -mxl-soft-mul" "EXTRA_COMPILER_FLAGS=-ffunction-sections -fdata-sections -Wall -Wextra"
"Compiling standalone";
"Running Make libs in microblaze_0/libsrc/tmrctr_v4_4/src"
C:/Xilinx/SDK/2017.3/gnuwin/bin/make -C microblaze_0/libsrc/tmrctr_v4_4/src -s libs  "SHELL=CMD" "COMPILER=mb-gcc" "ARCHIVER=mb-ar" "COMPILER_FLAGS= -O2 -c -mcpu=v10.0 -mlittle-endian -mxl-soft-mul" "EXTRA_COMPILER_FLAGS=-ffunction-sections -fdata-sections -Wall -Wextra"
"Compiling tmrctr"
"Running Make libs in microblaze_0/libsrc/uartlite_v3_2/src"
C:/Xilinx/SDK/2017.3/gnuwin/bin/make -C microblaze_0/libsrc/uartlite_v3_2/src -s libs  "SHELL=CMD" "COMPILER=mb-gcc" "ARCHIVER=mb-ar" "COMPILER_FLAGS= -O2 -c -mcpu=v10.0 -mlittle-endian -mxl-soft-mul" "EXTRA_COMPILER_FLAGS=-ffunction-sections -fdata-sections -Wall -Wextra"
"Compiling uartlite"
'Finished building libraries'
22:49:22 **** Auto Build of configuration Debug for project n4fpga_sw_platform_0 ****
make all 
Building file: ../ece544_IP_Test.c
Invoking: MicroBlaze gcc compiler
mb-gcc -Wall -O0 -g3 -c -fmessage-length=0 -MT"ece544_IP_Test.o" -I../../standalone_bsp_1/microblaze_0/include -mlittle-endian -mcpu=v10.0 -mxl-soft-mul -Wl,--no-relax -ffunction-sections -fdata-sections -MMD -MP -MF"ece544_IP_Test.d" -MT"ece544_IP_Test.o" -o "ece544_IP_Test.o" "../ece544_IP_Test.c"
In file included from ../ece544_IP_Test.c:54:0:
../../standalone_bsp_1/microblaze_0/include/pmodOLEDrgb.h:57:0: warning: "bool" redefined
 #define bool u8
 
In file included from ../../standalone_bsp_1/microblaze_0/include/nexys4IO.h:29:0,
                 from ../ece544_IP_Test.c:53:
c:\xilinx\sdk\2017.3\gnu\microblaze\nt\lib\gcc\microblaze-xilinx-elf\6.2.0\include\stdbool.h:33:0: note: this is the location of the previous definition
 #define bool _Bool
 
../ece544_IP_Test.c: In function 'RunTest4':
../ece544_IP_Test.c:398:11: warning: unused variable 'sw' [-Wunused-variable]
  uint16_t sw;
           ^~
Finished building: ../ece544_IP_Test.c
 
Building file: ../platform.c
Invoking: MicroBlaze gcc compiler
mb-gcc -Wall -O0 -g3 -c -fmessage-length=0 -MT"platform.o" -I../../standalone_bsp_1/microblaze_0/include -mlittle-endian -mcpu=v10.0 -mxl-soft-mul -Wl,--no-relax -ffunction-sections -fdata-sections -MMD -MP -MF"platform.d" -MT"platform.o" -o "platform.o" "../platform.c"
Finished building: ../platform.c
 
Building target: n4fpga_sw_platform_0.elf
Invoking: MicroBlaze gcc linker
mb-gcc -Wl,-T -Wl,../src/lscript.ld -L../../standalone_bsp_1/microblaze_0/lib -mlittle-endian -mcpu=v10.0 -mxl-soft-mul -Wl,--no-relax -Wl,--gc-sections -o "n4fpga_sw_platform_0.elf"  ./ece544_IP_Test.o ./platform.o   -Wl,--start-group,-lxil,-lgcc,-lc,--end-group
Finished building target: n4fpga_sw_platform_0.elf
 
Invoking: MicroBlaze Print Size
mb-size n4fpga_sw_platform_0.elf  |tee "n4fpga_sw_platform_0.elf.size"
   text	   data	    bss	    dec	    hex	filename
  44352	    432	   3776	  48560	   bdb0	n4fpga_sw_platform_0.elf
Finished building: n4fpga_sw_platform_0.elf.size
 
22:50:14 **** Incremental Build of configuration Debug for project n4fpga_sw_platform_0 ****
make all 
make: Nothing to be done for `all'.
22:53:05 **** Auto Build of project standalone_bsp_1 ****
make -k all 
"Running Make include in microblaze_0/libsrc/bram_v4_2/src"
C:/Xilinx/SDK/2017.3/gnuwin/bin/make -C microblaze_0/libsrc/bram_v4_2/src -s include  "SHELL=CMD" "COMPILER=mb-gcc" "ARCHIVER=mb-ar" "COMPILER_FLAGS= -O2 -c -mcpu=v10.0 -mlittle-endian -mxl-soft-mul" "EXTRA_COMPILER_FLAGS=-ffunction-sections -fdata-sections -Wall -Wextra"
"Running Make include in microblaze_0/libsrc/cpu_v2_6/src"
C:/Xilinx/SDK/2017.3/gnuwin/bin/make -C microblaze_0/libsrc/cpu_v2_6/src -s include  "SHELL=CMD" "COMPILER=mb-gcc" "ARCHIVER=mb-ar" "COMPILER_FLAGS= -O2 -c -mcpu=v10.0 -mlittle-endian -mxl-soft-mul" "EXTRA_COMPILER_FLAGS=-ffunction-sections -fdata-sections -Wall -Wextra"
"Running Make include in microblaze_0/libsrc/gpio_v4_3/src"
C:/Xilinx/SDK/2017.3/gnuwin/bin/make -C microblaze_0/libsrc/gpio_v4_3/src -s include  "SHELL=CMD" "COMPILER=mb-gcc" "ARCHIVER=mb-ar" "COMPILER_FLAGS= -O2 -c -mcpu=v10.0 -mlittle-endian -mxl-soft-mul" "EXTRA_COMPILER_FLAGS=-ffunction-sections -fdata-sections -Wall -Wextra"
"Running Make include in microblaze_0/libsrc/intc_v3_7/src"
C:/Xilinx/SDK/2017.3/gnuwin/bin/make -C microblaze_0/libsrc/intc_v3_7/src -s include  "SHELL=CMD" "COMPILER=mb-gcc" "ARCHIVER=mb-ar" "COMPILER_FLAGS= -O2 -c -mcpu=v10.0 -mlittle-endian -mxl-soft-mul" "EXTRA_COMPILER_FLAGS=-ffunction-sections -fdata-sections -Wall -Wextra"
"Running Make include in microblaze_0/libsrc/nexys4IO_v1_0/src"
C:/Xilinx/SDK/2017.3/gnuwin/bin/make -C microblaze_0/libsrc/nexys4IO_v1_0/src -s include  "SHELL=CMD" "COMPILER=mb-gcc" "ARCHIVER=mb-ar" "COMPILER_FLAGS= -O2 -c -mcpu=v10.0 -mlittle-endian -mxl-soft-mul" "EXTRA_COMPILER_FLAGS=-ffunction-sections -fdata-sections -Wall -Wextra"
"Running Make include in microblaze_0/libsrc/PmodENC_v1_0/src"
C:/Xilinx/SDK/2017.3/gnuwin/bin/make -C microblaze_0/libsrc/PmodENC_v1_0/src -s include  "SHELL=CMD" "COMPILER=mb-gcc" "ARCHIVER=mb-ar" "COMPILER_FLAGS= -O2 -c -mcpu=v10.0 -mlittle-endian -mxl-soft-mul" "EXTRA_COMPILER_FLAGS=-ffunction-sections -fdata-sections -Wall -Wextra"
"Running Make include in microblaze_0/libsrc/PmodOLEDrgb_v1_0/src"
C:/Xilinx/SDK/2017.3/gnuwin/bin/make -C microblaze_0/libsrc/PmodOLEDrgb_v1_0/src -s include  "SHELL=CMD" "COMPILER=mb-gcc" "ARCHIVER=mb-ar" "COMPILER_FLAGS= -O2 -c -mcpu=v10.0 -mlittle-endian -mxl-soft-mul" "EXTRA_COMPILER_FLAGS=-ffunction-sections -fdata-sections -Wall -Wextra"
"Running Make include in microblaze_0/libsrc/standalone_v6_4/src"
C:/Xilinx/SDK/2017.3/gnuwin/bin/make -C microblaze_0/libsrc/standalone_v6_4/src -s include  "SHELL=CMD" "COMPILER=mb-gcc" "ARCHIVER=mb-ar" "COMPILER_FLAGS= -O2 -c -mcpu=v10.0 -mlittle-endian -mxl-soft-mul" "EXTRA_COMPILER_FLAGS=-ffunction-sections -fdata-sections -Wall -Wextra"
"Running Make include in microblaze_0/libsrc/tmrctr_v4_4/src"
C:/Xilinx/SDK/2017.3/gnuwin/bin/make -C microblaze_0/libsrc/tmrctr_v4_4/src -s include  "SHELL=CMD" "COMPILER=mb-gcc" "ARCHIVER=mb-ar" "COMPILER_FLAGS= -O2 -c -mcpu=v10.0 -mlittle-endian -mxl-soft-mul" "EXTRA_COMPILER_FLAGS=-ffunction-sections -fdata-sections -Wall -Wextra"
"Running Make include in microblaze_0/libsrc/uartlite_v3_2/src"
C:/Xilinx/SDK/2017.3/gnuwin/bin/make -C microblaze_0/libsrc/uartlite_v3_2/src -s include  "SHELL=CMD" "COMPILER=mb-gcc" "ARCHIVER=mb-ar" "COMPILER_FLAGS= -O2 -c -mcpu=v10.0 -mlittle-endian -mxl-soft-mul" "EXTRA_COMPILER_FLAGS=-ffunction-sections -fdata-sections -Wall -Wextra"
"Running Make libs in microblaze_0/libsrc/bram_v4_2/src"
C:/Xilinx/SDK/2017.3/gnuwin/bin/make -C microblaze_0/libsrc/bram_v4_2/src -s libs  "SHELL=CMD" "COMPILER=mb-gcc" "ARCHIVER=mb-ar" "COMPILER_FLAGS= -O2 -c -mcpu=v10.0 -mlittle-endian -mxl-soft-mul" "EXTRA_COMPILER_FLAGS=-ffunction-sections -fdata-sections -Wall -Wextra"
"Compiling bram"
"Running Make libs in microblaze_0/libsrc/cpu_v2_6/src"
C:/Xilinx/SDK/2017.3/gnuwin/bin/make -C microblaze_0/libsrc/cpu_v2_6/src -s libs  "SHELL=CMD" "COMPILER=mb-gcc" "ARCHIVER=mb-ar" "COMPILER_FLAGS= -O2 -c -mcpu=v10.0 -mlittle-endian -mxl-soft-mul" "EXTRA_COMPILER_FLAGS=-ffunction-sections -fdata-sections -Wall -Wextra"
"Compiling cpu"
"Running Make libs in microblaze_0/libsrc/gpio_v4_3/src"
C:/Xilinx/SDK/2017.3/gnuwin/bin/make -C microblaze_0/libsrc/gpio_v4_3/src -s libs  "SHELL=CMD" "COMPILER=mb-gcc" "ARCHIVER=mb-ar" "COMPILER_FLAGS= -O2 -c -mcpu=v10.0 -mlittle-endian -mxl-soft-mul" "EXTRA_COMPILER_FLAGS=-ffunction-sections -fdata-sections -Wall -Wextra"
"Compiling gpio"
"Running Make libs in microblaze_0/libsrc/intc_v3_7/src"
C:/Xilinx/SDK/2017.3/gnuwin/bin/make -C microblaze_0/libsrc/intc_v3_7/src -s libs  "SHELL=CMD" "COMPILER=mb-gcc" "ARCHIVER=mb-ar" "COMPILER_FLAGS= -O2 -c -mcpu=v10.0 -mlittle-endian -mxl-soft-mul" "EXTRA_COMPILER_FLAGS=-ffunction-sections -fdata-sections -Wall -Wextra"
"Compiling intc"
"Running Make libs in microblaze_0/libsrc/nexys4IO_v1_0/src"
C:/Xilinx/SDK/2017.3/gnuwin/bin/make -C microblaze_0/libsrc/nexys4IO_v1_0/src -s libs  "SHELL=CMD" "COMPILER=mb-gcc" "ARCHIVER=mb-ar" "COMPILER_FLAGS= -O2 -c -mcpu=v10.0 -mlittle-endian -mxl-soft-mul" "EXTRA_COMPILER_FLAGS=-ffunction-sections -fdata-sections -Wall -Wextra"
"Compiling nexys4IO..."
"Running Make libs in microblaze_0/libsrc/PmodENC_v1_0/src"
C:/Xilinx/SDK/2017.3/gnuwin/bin/make -C microblaze_0/libsrc/PmodENC_v1_0/src -s libs  "SHELL=CMD" "COMPILER=mb-gcc" "ARCHIVER=mb-ar" "COMPILER_FLAGS= -O2 -c -mcpu=v10.0 -mlittle-endian -mxl-soft-mul" "EXTRA_COMPILER_FLAGS=-ffunction-sections -fdata-sections -Wall -Wextra"
"Compiling PmodENC..."
"Running Make libs in microblaze_0/libsrc/PmodOLEDrgb_v1_0/src"
C:/Xilinx/SDK/2017.3/gnuwin/bin/make -C microblaze_0/libsrc/PmodOLEDrgb_v1_0/src -s libs  "SHELL=CMD" "COMPILER=mb-gcc" "ARCHIVER=mb-ar" "COMPILER_FLAGS= -O2 -c -mcpu=v10.0 -mlittle-endian -mxl-soft-mul" "EXTRA_COMPILER_FLAGS=-ffunction-sections -fdata-sections -Wall -Wextra"
"Compiling PmodOLEDrgb..."
"Running Make libs in microblaze_0/libsrc/standalone_v6_4/src"
C:/Xilinx/SDK/2017.3/gnuwin/bin/make -C microblaze_0/libsrc/standalone_v6_4/src -s libs  "SHELL=CMD" "COMPILER=mb-gcc" "ARCHIVER=mb-ar" "COMPILER_FLAGS= -O2 -c -mcpu=v10.0 -mlittle-endian -mxl-soft-mul" "EXTRA_COMPILER_FLAGS=-ffunction-sections -fdata-sections -Wall -Wextra"
"Compiling standalone";
"Running Make libs in microblaze_0/libsrc/tmrctr_v4_4/src"
C:/Xilinx/SDK/2017.3/gnuwin/bin/make -C microblaze_0/libsrc/tmrctr_v4_4/src -s libs  "SHELL=CMD" "COMPILER=mb-gcc" "ARCHIVER=mb-ar" "COMPILER_FLAGS= -O2 -c -mcpu=v10.0 -mlittle-endian -mxl-soft-mul" "EXTRA_COMPILER_FLAGS=-ffunction-sections -fdata-sections -Wall -Wextra"
"Compiling tmrctr"
"Running Make libs in microblaze_0/libsrc/uartlite_v3_2/src"
C:/Xilinx/SDK/2017.3/gnuwin/bin/make -C microblaze_0/libsrc/uartlite_v3_2/src -s libs  "SHELL=CMD" "COMPILER=mb-gcc" "ARCHIVER=mb-ar" "COMPILER_FLAGS= -O2 -c -mcpu=v10.0 -mlittle-endian -mxl-soft-mul" "EXTRA_COMPILER_FLAGS=-ffunction-sections -fdata-sections -Wall -Wextra"
"Compiling uartlite"
'Finished building libraries'
22:53:55 **** Auto Build of configuration Debug for project n4fpga_sw_platform_0 ****
make all 
Building file: ../ece544_IP_Test.c
Invoking: MicroBlaze gcc compiler
mb-gcc -Wall -O0 -g3 -c -fmessage-length=0 -MT"ece544_IP_Test.o" -I../../standalone_bsp_1/microblaze_0/include -mlittle-endian -mcpu=v10.0 -mxl-soft-mul -Wl,--no-relax -ffunction-sections -fdata-sections -MMD -MP -MF"ece544_IP_Test.d" -MT"ece544_IP_Test.o" -o "ece544_IP_Test.o" "../ece544_IP_Test.c"
In file included from ../ece544_IP_Test.c:54:0:
../../standalone_bsp_1/microblaze_0/include/pmodOLEDrgb.h:57:0: warning: "bool" redefined
 #define bool u8
 
In file included from ../../standalone_bsp_1/microblaze_0/include/nexys4IO.h:29:0,
                 from ../ece544_IP_Test.c:53:
c:\xilinx\sdk\2017.3\gnu\microblaze\nt\lib\gcc\microblaze-xilinx-elf\6.2.0\include\stdbool.h:33:0: note: this is the location of the previous definition
 #define bool _Bool
 
../ece544_IP_Test.c: In function 'RunTest4':
../ece544_IP_Test.c:398:11: warning: unused variable 'sw' [-Wunused-variable]
  uint16_t sw;
           ^~
Finished building: ../ece544_IP_Test.c
 
Building file: ../platform.c
Invoking: MicroBlaze gcc compiler
mb-gcc -Wall -O0 -g3 -c -fmessage-length=0 -MT"platform.o" -I../../standalone_bsp_1/microblaze_0/include -mlittle-endian -mcpu=v10.0 -mxl-soft-mul -Wl,--no-relax -ffunction-sections -fdata-sections -MMD -MP -MF"platform.d" -MT"platform.o" -o "platform.o" "../platform.c"
Finished building: ../platform.c
 
Building target: n4fpga_sw_platform_0.elf
Invoking: MicroBlaze gcc linker
mb-gcc -Wl,-T -Wl,../src/lscript.ld -L../../standalone_bsp_1/microblaze_0/lib -mlittle-endian -mcpu=v10.0 -mxl-soft-mul -Wl,--no-relax -Wl,--gc-sections -o "n4fpga_sw_platform_0.elf"  ./ece544_IP_Test.o ./platform.o   -Wl,--start-group,-lxil,-lgcc,-lc,--end-group
Finished building target: n4fpga_sw_platform_0.elf
 
Invoking: MicroBlaze Print Size
mb-size n4fpga_sw_platform_0.elf  |tee "n4fpga_sw_platform_0.elf.size"
   text	   data	    bss	    dec	    hex	filename
  44364	    432	   3780	  48576	   bdc0	n4fpga_sw_platform_0.elf
Finished building: n4fpga_sw_platform_0.elf.size
 
22:53:59 **** Incremental Build of configuration Debug for project n4fpga_sw_platform_0 ****
make all 
make: Nothing to be done for `all'.
22:55:32 **** Auto Build of configuration Debug for project n4fpga_sw_platform_0 ****
make all 
Building file: ../ece544_IP_Test.c
Invoking: MicroBlaze gcc compiler
mb-gcc -Wall -O0 -g3 -c -fmessage-length=0 -MT"ece544_IP_Test.o" -I../../standalone_bsp_1/microblaze_0/include -mlittle-endian -mcpu=v10.0 -mxl-soft-mul -Wl,--no-relax -ffunction-sections -fdata-sections -MMD -MP -MF"ece544_IP_Test.d" -MT"ece544_IP_Test.o" -o "ece544_IP_Test.o" "../ece544_IP_Test.c"
In file included from ../ece544_IP_Test.c:54:0:
../../standalone_bsp_1/microblaze_0/include/pmodOLEDrgb.h:57:0: warning: "bool" redefined
 #define bool u8
 
In file included from ../../standalone_bsp_1/microblaze_0/include/nexys4IO.h:29:0,
                 from ../ece544_IP_Test.c:53:
c:\xilinx\sdk\2017.3\gnu\microblaze\nt\lib\gcc\microblaze-xilinx-elf\6.2.0\include\stdbool.h:33:0: note: this is the location of the previous definition
 #define bool _Bool
 
../ece544_IP_Test.c: In function 'RunTest4':
../ece544_IP_Test.c:398:11: warning: unused variable 'sw' [-Wunused-variable]
  uint16_t sw;
           ^~
Finished building: ../ece544_IP_Test.c
 
Building target: n4fpga_sw_platform_0.elf
Invoking: MicroBlaze gcc linker
mb-gcc -Wl,-T -Wl,../src/lscript.ld -L../../standalone_bsp_1/microblaze_0/lib -mlittle-endian -mcpu=v10.0 -mxl-soft-mul -Wl,--no-relax -Wl,--gc-sections -o "n4fpga_sw_platform_0.elf"  ./ece544_IP_Test.o ./platform.o   -Wl,--start-group,-lxil,-lgcc,-lc,--end-group
Finished building target: n4fpga_sw_platform_0.elf
 
Invoking: MicroBlaze Print Size
mb-size n4fpga_sw_platform_0.elf  |tee "n4fpga_sw_platform_0.elf.size"
   text	   data	    bss	    dec	    hex	filename
  44432	    432	   3776	  48640	   be00	n4fpga_sw_platform_0.elf
Finished building: n4fpga_sw_platform_0.elf.size
 
22:55:39 **** Incremental Build of configuration Debug for project n4fpga_sw_platform_0 ****
make all 
make: Nothing to be done for `all'.
22:58:06 **** Auto Build of configuration Debug for project n4fpga_sw_platform_0 ****
make all 
Building file: ../ece544_IP_Test.c
Invoking: MicroBlaze gcc compiler
mb-gcc -Wall -O0 -g3 -c -fmessage-length=0 -MT"ece544_IP_Test.o" -I../../standalone_bsp_1/microblaze_0/include -mlittle-endian -mcpu=v10.0 -mxl-soft-mul -Wl,--no-relax -ffunction-sections -fdata-sections -MMD -MP -MF"ece544_IP_Test.d" -MT"ece544_IP_Test.o" -o "ece544_IP_Test.o" "../ece544_IP_Test.c"
In file included from ../ece544_IP_Test.c:54:0:
../../standalone_bsp_1/microblaze_0/include/pmodOLEDrgb.h:57:0: warning: "bool" redefined
 #define bool u8
 
In file included from ../../standalone_bsp_1/microblaze_0/include/nexys4IO.h:29:0,
                 from ../ece544_IP_Test.c:53:
c:\xilinx\sdk\2017.3\gnu\microblaze\nt\lib\gcc\microblaze-xilinx-elf\6.2.0\include\stdbool.h:33:0: note: this is the location of the previous definition
 #define bool _Bool
 
../ece544_IP_Test.c: In function 'RunTest4':
../ece544_IP_Test.c:398:11: warning: unused variable 'sw' [-Wunused-variable]
  uint16_t sw;
           ^~
Finished building: ../ece544_IP_Test.c
 
Building target: n4fpga_sw_platform_0.elf
Invoking: MicroBlaze gcc linker
mb-gcc -Wl,-T -Wl,../src/lscript.ld -L../../standalone_bsp_1/microblaze_0/lib -mlittle-endian -mcpu=v10.0 -mxl-soft-mul -Wl,--no-relax -Wl,--gc-sections -o "n4fpga_sw_platform_0.elf"  ./ece544_IP_Test.o ./platform.o   -Wl,--start-group,-lxil,-lgcc,-lc,--end-group
Finished building target: n4fpga_sw_platform_0.elf
 
Invoking: MicroBlaze Print Size
mb-size n4fpga_sw_platform_0.elf  |tee "n4fpga_sw_platform_0.elf.size"
   text	   data	    bss	    dec	    hex	filename
  44500	    432	   3780	  48712	   be48	n4fpga_sw_platform_0.elf
Finished building: n4fpga_sw_platform_0.elf.size
 
